Component: ARM Compiler 5.06 update 5 (build 528) Tool: armlink [4d35e2]

==============================================================================

Section Cross References

    main.o(.text) refers to misc.o(.text) for NVIC_PriorityGroupConfig
    main.o(.text) refers to delay.o(.text) for SysTick_Configuration
    main.o(.text) refers to init.o(.text) for ALL_Init
    main.o(.text) refers to ano_dt.o(.text) for ANTO_polling
    main.o(.text) refers to osc.o(.text) for OutPut_Data
    main.o(.text) refers to nrf24l01.o(.text) for NRF24L01_TxPacket
    main.o(.text) refers to high_process.o(.bss) for Height
    main.o(.text) refers to osc.o(.data) for OutData
    main.o(.text) refers to attitude_process.o(.bss) for Attitude
    main.o(.text) refers to main.o(.bss) for tmp_buf
    main.o(.text) refers to osc.o(.bss) for databuf
    system_stm32f4xx.o(.text) refers to system_stm32f4xx.o(.data) for SystemCoreClock
    startup_stm32f40_41xxx.o(RESET) refers to startup_stm32f40_41xxx.o(STACK) for __initial_sp
    startup_stm32f40_41xxx.o(RESET) refers to startup_stm32f40_41xxx.o(.text) for Reset_Handler
    startup_stm32f40_41xxx.o(RESET) refers to stm32f4xx_it.o(.text) for NMI_Handler
    startup_stm32f40_41xxx.o(RESET) refers to sys.o(.text) for SysTick_Handler
    startup_stm32f40_41xxx.o(RESET) refers to usart2.o(.text) for DMA1_Stream6_IRQHandler
    startup_stm32f40_41xxx.o(RESET) refers to tim_in.o(.text) for TIM1_CC_IRQHandler
    startup_stm32f40_41xxx.o(RESET) refers to scheduler.o(.text) for TIM2_IRQHandler
    startup_stm32f40_41xxx.o(RESET) refers to usart1.o(.text) for USART1_IRQHandler
    startup_stm32f40_41xxx.o(RESET) refers to ano_dt.o(.text) for USART2_IRQHandler
    startup_stm32f40_41xxx.o(RESET) refers to usart5.o(.text) for UART5_IRQHandler
    startup_stm32f40_41xxx.o(RESET) refers to usbd_stm32f4xx_fs.o(.text) for OTG_FS_IRQHandler
    startup_stm32f40_41xxx.o(.text) refers to system_stm32f4xx.o(.text) for SystemInit
    startup_stm32f40_41xxx.o(.text) refers to entry.o(.ARM.Collect$$$$00000000) for __main
    stm32f4xx_adc.o(.text) refers to stm32f4xx_rcc.o(.text) for RCC_APB2PeriphResetCmd
    stm32f4xx_can.o(.text) refers to stm32f4xx_rcc.o(.text) for RCC_APB1PeriphResetCmd
    stm32f4xx_cryp.o(.text) refers to stm32f4xx_rcc.o(.text) for RCC_AHB2PeriphResetCmd
    stm32f4xx_cryp_aes.o(.text) refers to stm32f4xx_cryp.o(.text) for CRYP_KeyStructInit
    stm32f4xx_cryp_des.o(.text) refers to stm32f4xx_cryp.o(.text) for CRYP_KeyStructInit
    stm32f4xx_cryp_tdes.o(.text) refers to stm32f4xx_cryp.o(.text) for CRYP_KeyStructInit
    stm32f4xx_dac.o(.text) refers to stm32f4xx_rcc.o(.text) for RCC_APB1PeriphResetCmd
    stm32f4xx_dma2d.o(.text) refers to stm32f4xx_rcc.o(.text) for RCC_AHB1PeriphResetCmd
    stm32f4xx_fsmc.o(.text) refers to stm32f4xx_fsmc.o(.constdata) for FSMC_DefaultTimingStruct
    stm32f4xx_gpio.o(.text) refers to stm32f4xx_rcc.o(.text) for RCC_AHB1PeriphResetCmd
    stm32f4xx_hash.o(.text) refers to stm32f4xx_rcc.o(.text) for RCC_AHB2PeriphResetCmd
    stm32f4xx_hash_md5.o(.text) refers to stm32f4xx_hash.o(.text) for HASH_DeInit
    stm32f4xx_hash_sha1.o(.text) refers to stm32f4xx_hash.o(.text) for HASH_DeInit
    stm32f4xx_i2c.o(.text) refers to stm32f4xx_rcc.o(.text) for RCC_APB1PeriphResetCmd
    stm32f4xx_ltdc.o(.text) refers to stm32f4xx_rcc.o(.text) for RCC_APB2PeriphResetCmd
    stm32f4xx_pwr.o(.text) refers to stm32f4xx_rcc.o(.text) for RCC_APB1PeriphResetCmd
    stm32f4xx_rcc.o(.text) refers to stm32f4xx_rcc.o(.data) for APBAHBPrescTable
    stm32f4xx_rng.o(.text) refers to stm32f4xx_rcc.o(.text) for RCC_AHB2PeriphResetCmd
    stm32f4xx_sai.o(.text) refers to stm32f4xx_rcc.o(.text) for RCC_APB2PeriphResetCmd
    stm32f4xx_sdio.o(.text) refers to stm32f4xx_rcc.o(.text) for RCC_APB2PeriphResetCmd
    stm32f4xx_spi.o(.text) refers to stm32f4xx_rcc.o(.text) for RCC_APB2PeriphResetCmd
    stm32f4xx_syscfg.o(.text) refers to stm32f4xx_rcc.o(.text) for RCC_APB2PeriphResetCmd
    stm32f4xx_tim.o(.text) refers to stm32f4xx_rcc.o(.text) for RCC_APB2PeriphResetCmd
    stm32f4xx_usart.o(.text) refers to stm32f4xx_rcc.o(.text) for RCC_APB2PeriphResetCmd
    stm32f4xx_wwdg.o(.text) refers to stm32f4xx_rcc.o(.text) for RCC_APB1PeriphResetCmd
    delay.o(.text) refers to stm32f4xx_rcc.o(.text) for RCC_GetClocksFreq
    delay.o(.text) refers to misc.o(.text) for SysTick_CLKSourceConfig
    delay.o(.text) refers to init.o(.data) for SysTick_count
    sys.o(.text) refers to led.o(.text) for LED_display
    sys.o(.text) refers to init.o(.data) for SysTick_count
    init.o(.text) refers to pid.o(.text) for Total_PID_Init
    init.o(.text) refers to led.o(.text) for LEDInit
    init.o(.text) refers to usbd_user_hid.o(.text) for Usb_Hid_Init
    init.o(.text) refers to tim_in.o(.text) for TIM1_TIM4_PWM_IN_Init
    init.o(.text) refers to tim_out.o(.text) for TIM3_TIM5_TIM8_PWM_Out_Init
    init.o(.text) refers to delay.o(.text) for delay_ms
[...]
    EXTI1_IRQHandler                         0x0800044f   Thumb Code     0  startup_stm32f40_41xxx.o(.text)
    EXTI2_IRQHandler                         0x0800044f   Thumb Code     0  startup_stm32f40_41xxx.o(.text)
    EXTI3_IRQHandler                         0x0800044f   Thumb Code     0  startup_stm32f40_41xxx.o(.text)
    EXTI4_IRQHandler                         0x0800044f   Thumb Code     0  startup_stm32f40_41xxx.o(.text)
    EXTI9_5_IRQHandler                       0x0800044f   Thumb Code     0  startup_stm32f40_41xxx.o(.text)
    FLASH_IRQHandler                         0x0800044f   Thumb Code     0  startup_stm32f40_41xxx.o(.text)
    FPU_IRQHandler                           0x0800044f   Thumb Code     0  startup_stm32f40_41xxx.o(.text)
    FSMC_IRQHandler                          0x0800044f   Thumb Code     0  startup_stm32f40_41xxx.o(.text)
    HASH_RNG_IRQHandler                      0x0800044f   Thumb Code     0  startup_stm32f40_41xxx.o(.text)
    I2C1_ER_IRQHandler                       0x0800044f   Thumb Code     0  startup_stm32f40_41xxx.o(.text)
    I2C1_EV_IRQHandler                       0x0800044f   Thumb Code     0  startup_stm32f40_41xxx.o(.text)
    I2C2_ER_IRQHandler                       0x0800044f   Thumb Code     0  startup_stm32f40_41xxx.o(.text)
    I2C2_EV_IRQHandler                       0x0800044f   Thumb Code     0  startup_stm32f40_41xxx.o(.text)
    I2C3_ER_IRQHandler                       0x0800044f   Thumb Code     0  startup_stm32f40_41xxx.o(.text)
    I2C3_EV_IRQHandler                       0x0800044f   Thumb Code     0  startup_stm32f40_41xxx.o(.text)
    OTG_FS_WKUP_IRQHandler                   0x0800044f   Thumb Code     0  startup_stm32f40_41xxx.o(.text)
    OTG_HS_EP1_IN_IRQHandler                 0x0800044f   Thumb Code     0  startup_stm32f40_41xxx.o(.text)
    OTG_HS_EP1_OUT_IRQHandler                0x0800044f   Thumb Code     0  startup_stm32f40_41xxx.o(.text)
    OTG_HS_IRQHandler                        0x0800044f   Thumb Code     0  startup_stm32f40_41xxx.o(.text)
    OTG_HS_WKUP_IRQHandler                   0x0800044f   Thumb Code     0  startup_stm32f40_41xxx.o(.text)
    PVD_IRQHandler                           0x0800044f   Thumb Code     0  startup_stm32f40_41xxx.o(.text)
    RCC_IRQHandler                           0x0800044f   Thumb Code     0  startup_stm32f40_41xxx.o(.text)
    RTC_Alarm_IRQHandler                     0x0800044f   Thumb Code     0  startup_stm32f40_41xxx.o(.text)
    RTC_WKUP_IRQHandler                      0x0800044f   Thumb Code     0  startup_stm32f40_41xxx.o(.text)
    SDIO_IRQHandler                          0x0800044f   Thumb Code     0  startup_stm32f40_41xxx.o(.text)
    SPI1_IRQHandler                          0x0800044f   Thumb Code     0  startup_stm32f40_41xxx.o(.text)
    SPI2_IRQHandler                          0x0800044f   Thumb Code     0  startup_stm32f40_41xxx.o(.text)
    SPI3_IRQHandler                          0x0800044f   Thumb Code     0  startup_stm32f40_41xxx.o(.text)
    TAMP_STAMP_IRQHandler                    0x0800044f   Thumb Code     0  startup_stm32f40_41xxx.o(.text)
    TIM1_BRK_TIM9_IRQHandler                 0x0800044f   Thumb Code     0  startup_stm32f40_41xxx.o(.text)
    TIM1_TRG_COM_TIM11_IRQHandler            0x0800044f   Thumb Code     0  startup_stm32f40_41xxx.o(.text)
    TIM1_UP_TIM10_IRQHandler                 0x0800044f   Thumb Code     0  startup_stm32f40_41xxx.o(.text)
    TIM3_IRQHandler                          0x0800044f   Thumb Code     0  startup_stm32f40_41xxx.o(.text)
    TIM5_IRQHandler                          0x0800044f   Thumb Code     0  startup_stm32f40_41xxx.o(.text)
    TIM6_DAC_IRQHandler                      0x0800044f   Thumb Code     0  startup_stm32f40_41xxx.o(.text)
    TIM7_IRQHandler                          0x0800044f   Thumb Code     0  startup_stm32f40_41xxx.o(.text)
    TIM8_BRK_TIM12_IRQHandler                0x0800044f   Thumb Code     0  startup_stm32f40_41xxx.o(.text)
    TIM8_CC_IRQHandler                       0x0800044f   Thumb Code     0  startup_stm32f40_41xxx.o(.text)
    TIM8_TRG_COM_TIM14_IRQHandler            0x0800044f   Thumb Code     0  startup_stm32f40_41xxx.o(.text)
    TIM8_UP_TIM13_IRQHandler                 0x0800044f   Thumb Code     0  startup_stm32f40_41xxx.o(.text)
    UART4_IRQHandler                         0x0800044f   Thumb Code     0  startup_stm32f40_41xxx.o(.text)
    USART3_IRQHandler                        0x0800044f   Thumb Code     0  startup_stm32f40_41xxx.o(.text)
    USART6_IRQHandler                        0x0800044f   Thumb Code     0  startup_stm32f40_41xxx.o(.text)
    WWDG_IRQHandler                          0x0800044f   Thumb Code     0  startup_stm32f40_41xxx.o(.text)
    NVIC_PriorityGroupConfig                 0x08000459   Thumb Code    10  misc.o(.text)
    NVIC_Init                                0x08000463   Thumb Code   106  misc.o(.text)
    NVIC_SetVectorTable                      0x080004cd   Thumb Code    14  misc.o(.text)
    NVIC_SystemLPConfig                      0x080004db   Thumb Code    34  misc.o(.text)
    SysTick_CLKSourceConfig                  0x080004fd   Thumb Code    40  misc.o(.text)
    DMA_DeInit                               0x08000539   Thumb Code   324  stm32f4xx_dma.o(.text)
    DMA_Init                                 0x0800067d   Thumb Code    82  stm32f4xx_dma.o(.text)
    DMA_StructInit                           0x080006cf   Thumb Code    34  stm32f4xx_dma.o(.text)
    DMA_Cmd                                  0x080006f1   Thumb Code    22  stm32f4xx_dma.o(.text)
    DMA_PeriphIncOffsetSizeConfig            0x08000707   Thumb Code    22  stm32f4xx_dma.o(.text)
    DMA_FlowControllerConfig                 0x0800071d   Thumb Code    22  stm32f4xx_dma.o(.text)
    DMA_SetCurrDataCounter                   0x08000733   Thumb Code     4  stm32f4xx_dma.o(.text)
    DMA_GetCurrDataCounter                   0x08000737   Thumb Code     8  stm32f4xx_dma.o(.text)
    DMA_DoubleBufferModeConfig               0x0800073f   Thumb Code    24  stm32f4xx_dma.o(.text)
    DMA_DoubleBufferModeCmd                  0x08000757   Thumb Code    22  stm32f4xx_dma.o(.text)
    DMA_MemoryTargetConfig                   0x0800076d   Thumb Code    10  stm32f4xx_dma.o(.text)
    DMA_GetCurrentMemoryTarget               0x08000777   Thumb Code    20  stm32f4xx_dma.o(.text)
    DMA_GetCmdStatus                         0x0800078b   Thumb Code    20  stm32f4xx_dma.o(.text)
    DMA_GetFIFOStatus                        0x0800079f   Thumb Code    12  stm32f4xx_dma.o(.text)
    DMA_GetFlagStatus                        0x080007ab   Thumb Code    56  stm32f4xx_dma.o(.text)
    DMA_ClearFlag                            0x080007e3   Thumb Code    40  stm32f4xx_dma.o(.text)
    DMA_ITConfig                             0x0800080b   Thumb Code    58  stm32f4xx_dma.o(.text)
    DMA_GetITStatus                          0x08000845   Thumb Code    84  stm32f4xx_dma.o(.text)
    DMA_ClearITPendingBit                    0x08000899   Thumb Code    40  stm32f4xx_dma.o(.text)
    GPIO_DeInit                              0x080008e1   Thumb Code   268  stm32f4xx_gpio.o(.text)
    GPIO_Init                                0x080009ed   Thumb Code   144  stm32f4xx_gpio.o(.text)
    GPIO_StructInit                          0x08000a7d   Thumb Code    18  stm32f4xx_gpio.o(.text)
    GPIO_PinLockConfig                       0x08000a8f   Thumb Code    34  stm32f4xx_gpio.o(.text)
    GPIO_ReadInputDataBit                    0x08000ab1   Thumb Code    18  stm32f4xx_gpio.o(.text)
    GPIO_ReadInputData                       0x08000ac3   Thumb Code     8  stm32f4xx_gpio.o(.text)
    GPIO_ReadOutputDataBit                   0x08000acb   Thumb Code    18  stm32f4xx_gpio.o(.text)
    GPIO_ReadOutputData                      0x08000add   Thumb Code     8  stm32f4xx_gpio.o(.text)
    GPIO_SetBits                             0x08000ae5   Thumb Code     4  stm32f4xx_gpio.o(.text)
    GPIO_ResetBits                           0x08000ae9   Thumb Code     4  stm32f4xx_gpio.o(.text)
    GPIO_WriteBit                            0x08000aed   Thumb Code    10  stm32f4xx_gpio.o(.text)
    GPIO_Write                               0x08000af7   Thumb Code     4  stm32f4xx_gpio.o(.text)
    GPIO_ToggleBits                          0x08000afb   Thumb Code     8  stm32f4xx_gpio.o(.text)
    GPIO_PinAFConfig                         0x08000b03   Thumb Code    70  stm32f4xx_gpio.o(.text)
    I2C_DeInit                               0x08000b75   Thumb Code    82  stm32f4xx_i2c.o(.text)
    I2C_Init                                 0x08000bc7   Thumb Code   218  stm32f4xx_i2c.o(.text)
    I2C_StructInit                           0x08000ca1   Thumb Code    30  stm32f4xx_i2c.o(.text)
    I2C_Cmd                                  0x08000cbf   Thumb Code    24  stm32f4xx_i2c.o(.text)
    I2C_AnalogFilterCmd                      0x08000cd7   Thumb Code    24  stm32f4xx_i2c.o(.text)
    I2C_DigitalFilterConfig                  0x08000cef   Thumb Code    22  stm32f4xx_i2c.o(.text)
    I2C_GenerateSTART                        0x08000d05   Thumb Code    24  stm32f4xx_i2c.o(.text)
    I2C_GenerateSTOP                         0x08000d1d   Thumb Code    24  stm32f4xx_i2c.o(.text)
    I2C_Send7bitAddress                      0x08000d35   Thumb Code    16  stm32f4xx_i2c.o(.text)
    I2C_AcknowledgeConfig                    0x08000d45   Thumb Code    24  stm32f4xx_i2c.o(.text)
    I2C_OwnAddress2Config                    0x08000d5d   Thumb Code    22  stm32f4xx_i2c.o(.text)
    I2C_DualAddressCmd                       0x08000d73   Thumb Code    24  stm32f4xx_i2c.o(.text)
    I2C_GeneralCallCmd                       0x08000d8b   Thumb Code    24  stm32f4xx_i2c.o(.text)
    I2C_SoftwareResetCmd                     0x08000da3   Thumb Code    22  stm32f4xx_i2c.o(.text)
    I2C_StretchClockCmd                      0x08000db9   Thumb Code    24  stm32f4xx_i2c.o(.text)
    I2C_FastModeDutyCycleConfig              0x08000dd1   Thumb Code    28  stm32f4xx_i2c.o(.text)
    I2C_NACKPositionConfig                   0x08000ded   Thumb Code    28  stm32f4xx_i2c.o(.text)
    I2C_SMBusAlertConfig                     0x08000e09   Thumb Code    28  stm32f4xx_i2c.o(.text)
    I2C_ARPCmd                               0x08000e25   Thumb Code    24  stm32f4xx_i2c.o(.text)
    I2C_SendData                             0x08000e3d   Thumb Code     4  stm32f4xx_i2c.o(.text)
    I2C_ReceiveData                          0x08000e41   Thumb Code     8  stm32f4xx_i2c.o(.text)
    I2C_TransmitPEC                          0x08000e49   Thumb Code    24  stm32f4xx_i2c.o(.text)
    I2C_PECPositionConfig                    0x08000e61   Thumb Code    28  stm32f4xx_i2c.o(.text)
    I2C_CalculatePEC                         0x08000e7d   Thumb Code    24  stm32f4xx_i2c.o(.text)
    I2C_GetPEC                               0x08000e95   Thumb Code     8  stm32f4xx_i2c.o(.text)
    I2C_DMACmd                               0x08000e9d   Thumb Code    24  stm32f4xx_i2c.o(.text)
    I2C_DMALastTransferCmd                   0x08000eb5   Thumb Code    24  stm32f4xx_i2c.o(.text)
    I2C_ReadRegister                         0x08000ecd   Thumb Code    22  stm32f4xx_i2c.o(.text)
    I2C_ITConfig                             0x08000ee3   Thumb Code    18  stm32f4xx_i2c.o(.text)
    I2C_CheckEvent                           0x08000ef5   Thumb Code    42  stm32f4xx_i2c.o(.text)
    I2C_GetLastEvent                         0x08000f1f   Thumb Code    26  stm32f4xx_i2c.o(.text)
    I2C_GetFlagStatus                        0x08000f39   Thumb Code    84  stm32f4xx_i2c.o(.text)
    I2C_ClearFlag                            0x08000f8d   Thumb Code    12  stm32f4xx_i2c.o(.text)
    I2C_GetITStatus                          0x08000f99   Thumb Code    38  stm32f4xx_i2c.o(.text)
    I2C_ClearITPendingBit                    0x08000fbf   Thumb Code    12  stm32f4xx_i2c.o(.text)
    RCC_DeInit                               0x08000fcd   Thumb Code    82  stm32f4xx_rcc.o(.text)
    RCC_HSEConfig                            0x0800101f   Thumb Code    14  stm32f4xx_rcc.o(.text)
    RCC_GetFlagStatus                        0x0800102d   Thumb Code    60  stm32f4xx_rcc.o(.text)
    RCC_WaitForHSEStartUp                    0x08001069   Thumb Code    56  stm32f4xx_rcc.o(.text)
    RCC_AdjustHSICalibrationValue            0x080010a1   Thumb Code    20  stm32f4xx_rcc.o(.text)
    RCC_HSICmd                               0x080010b5   Thumb Code     6  stm32f4xx_rcc.o(.text)
    RCC_LSEConfig                            0x080010bb   Thumb Code    46  stm32f4xx_rcc.o(.text)
    RCC_LSICmd                               0x080010e9   Thumb Code     6  stm32f4xx_rcc.o(.text)
    RCC_PLLConfig                            0x080010ef   Thumb Code    32  stm32f4xx_rcc.o(.text)
    RCC_PLLCmd                               0x0800110f   Thumb Code     6  stm32f4xx_rcc.o(.text)
    RCC_PLLI2SConfig                         0x08001115   Thumb Code    14  stm32f4xx_rcc.o(.text)
    RCC_PLLI2SCmd                            0x08001123   Thumb Code     6  stm32f4xx_rcc.o(.text)
    RCC_PLLSAIConfig                         0x08001129   Thumb Code    20  stm32f4xx_rcc.o(.text)
    RCC_PLLSAICmd                            0x0800113d   Thumb Code     6  stm32f4xx_rcc.o(.text)
    RCC_ClockSecuritySystemCmd               0x08001143   Thumb Code     6  stm32f4xx_rcc.o(.text)
    RCC_MCO1Config                           0x08001149   Thumb Code    28  stm32f4xx_rcc.o(.text)
    RCC_MCO2Config                           0x08001165   Thumb Code    28  stm32f4xx_rcc.o(.text)
    RCC_SYSCLKConfig                         0x08001181   Thumb Code    20  stm32f4xx_rcc.o(.text)
    RCC_GetSYSCLKSource                      0x08001195   Thumb Code    12  stm32f4xx_rcc.o(.text)
    RCC_HCLKConfig                           0x080011a1   Thumb Code    20  stm32f4xx_rcc.o(.text)
    RCC_PCLK1Config                          0x080011b5   Thumb Code    20  stm32f4xx_rcc.o(.text)
    RCC_PCLK2Config                          0x080011c9   Thumb Code    22  stm32f4xx_rcc.o(.text)
    RCC_GetClocksFreq                        0x080011df   Thumb Code   222  stm32f4xx_rcc.o(.text)
    RCC_RTCCLKConfig                         0x080012bd   Thumb Code    54  stm32f4xx_rcc.o(.text)
    RCC_RTCCLKCmd                            0x080012f3   Thumb Code     8  stm32f4xx_rcc.o(.text)
    RCC_BackupResetCmd                       0x080012fb   Thumb Code     8  stm32f4xx_rcc.o(.text)
    RCC_I2SCLKConfig                         0x08001303   Thumb Code     6  stm32f4xx_rcc.o(.text)
    RCC_SAIPLLI2SClkDivConfig                0x08001309   Thumb Code    26  stm32f4xx_rcc.o(.text)
    RCC_SAIPLLSAIClkDivConfig                0x08001323   Thumb Code    28  stm32f4xx_rcc.o(.text)
    RCC_SAIBlockACLKConfig                   0x0800133f   Thumb Code    20  stm32f4xx_rcc.o(.text)
    RCC_SAIBlockBCLKConfig                   0x08001353   Thumb Code    20  stm32f4xx_rcc.o(.text)
    RCC_LTDCCLKDivConfig                     0x08001367   Thumb Code    20  stm32f4xx_rcc.o(.text)
    RCC_TIMCLKPresConfig                     0x0800137b   Thumb Code     6  stm32f4xx_rcc.o(.text)
    RCC_AHB1PeriphClockCmd                   0x08001381   Thumb Code    34  stm32f4xx_rcc.o(.text)
    RCC_AHB2PeriphClockCmd                   0x080013a3   Thumb Code    78  stm32f4xx_rcc.o(.text)
    RCC_AHB3PeriphClockCmd                   0x080013f1   Thumb Code    34  stm32f4xx_rcc.o(.text)
    RCC_APB1PeriphClockCmd                   0x08001413   Thumb Code    34  stm32f4xx_rcc.o(.text)
    RCC_APB2PeriphClockCmd                   0x08001435   Thumb Code    34  stm32f4xx_rcc.o(.text)
    RCC_AHB1PeriphResetCmd                   0x08001457   Thumb Code    34  stm32f4xx_rcc.o(.text)
    RCC_AHB2PeriphResetCmd                   0x08001479   Thumb Code    34  stm32f4xx_rcc.o(.text)
    RCC_AHB3PeriphResetCmd                   0x0800149b   Thumb Code    34  stm32f4xx_rcc.o(.text)
    RCC_APB1PeriphResetCmd                   0x080014bd   Thumb Code    34  stm32f4xx_rcc.o(.text)
    RCC_APB2PeriphResetCmd                   0x080014df   Thumb Code    34  stm32f4xx_rcc.o(.text)
    RCC_AHB1PeriphClockLPModeCmd             0x08001501   Thumb Code    34  stm32f4xx_rcc.o(.text)
    RCC_AHB2PeriphClockLPModeCmd             0x08001523   Thumb Code    34  stm32f4xx_rcc.o(.text)
    RCC_AHB3PeriphClockLPModeCmd             0x08001545   Thumb Code    34  stm32f4xx_rcc.o(.text)
    RCC_APB1PeriphClockLPModeCmd             0x08001567   Thumb Code    34  stm32f4xx_rcc.o(.text)
    RCC_APB2PeriphClockLPModeCmd             0x08001589   Thumb Code    34  stm32f4xx_rcc.o(.text)
    RCC_LSEModeConfig                        0x080015ab   Thumb Code    40  stm32f4xx_rcc.o(.text)
    RCC_ITConfig                             0x080015d3   Thumb Code    34  stm32f4xx_rcc.o(.text)
    RCC_ClearFlag                            0x080015f5   Thumb Code    18  stm32f4xx_rcc.o(.text)
    RCC_GetITStatus                          0x08001607   Thumb Code    22  stm32f4xx_rcc.o(.text)
    RCC_ClearITPendingBit                    0x0800161d   Thumb Code     8  stm32f4xx_rcc.o(.text)
    TIM_DeInit                               0x08001629   Thumb Code   346  stm32f4xx_tim.o(.text)
    TIM_TimeBaseInit                         0x08001783   Thumb Code   104  stm32f4xx_tim.o(.text)
    TIM_TimeBaseStructInit                   0x080017eb   Thumb Code    18  stm32f4xx_tim.o(.text)
    TIM_PrescalerConfig                      0x080017fd   Thumb Code     6  stm32f4xx_tim.o(.text)
    TIM_CounterModeConfig                    0x08001803   Thumb Code    18  stm32f4xx_tim.o(.text)
    TIM_SetCounter                           0x08001815   Thumb Code     4  stm32f4xx_tim.o(.text)
    TIM_SetAutoreload                        0x08001819   Thumb Code     4  stm32f4xx_tim.o(.text)
    TIM_GetCounter                           0x0800181d   Thumb Code     6  stm32f4xx_tim.o(.text)
    TIM_GetPrescaler                         0x08001823   Thumb Code     6  stm32f4xx_tim.o(.text)
    TIM_UpdateDisableConfig                  0x08001829   Thumb Code    24  stm32f4xx_tim.o(.text)
    TIM_UpdateRequestConfig                  0x08001841   Thumb Code    24  stm32f4xx_tim.o(.text)
    TIM_ARRPreloadConfig                     0x08001859   Thumb Code    24  stm32f4xx_tim.o(.text)
    TIM_SelectOnePulseMode                   0x08001871   Thumb Code    18  stm32f4xx_tim.o(.text)
    TIM_SetClockDivision                     0x08001883   Thumb Code    18  stm32f4xx_tim.o(.text)
    TIM_Cmd                                  0x08001895   Thumb Code    24  stm32f4xx_tim.o(.text)
    TIM_OC1Init                              0x080018ad   Thumb Code   114  stm32f4xx_tim.o(.text)
    TIM_OC2Init                              0x0800191f   Thumb Code   154  stm32f4xx_tim.o(.text)
    TIM_OC3Init                              0x080019b9   Thumb Code   204  stm32f4xx_tim.o(.text)
    TIM_OC4Init                              0x08001a85   Thumb Code   112  stm32f4xx_tim.o(.text)
    TIM_OCStructInit                         0x08001af5   Thumb Code    20  stm32f4xx_tim.o(.text)
    TIM_SelectOCxM                           0x08001b09   Thumb Code    86  stm32f4xx_tim.o(.text)
    TIM_SetCompare1                          0x08001b5f   Thumb Code     4  stm32f4xx_tim.o(.text)
    TIM_SetCompare2                          0x08001b63   Thumb Code     4  stm32f4xx_tim.o(.text)
    TIM_SetCompare3                          0x08001b67   Thumb Code     4  stm32f4xx_tim.o(.text)
    TIM_SetCompare4                          0x08001b6b   Thumb Code     4  stm32f4xx_tim.o(.text)
    TIM_ForcedOC1Config                      0x08001b6f   Thumb Code    18  stm32f4xx_tim.o(.text)
    TIM_ForcedOC2Config                      0x08001b81   Thumb Code    26  stm32f4xx_tim.o(.text)
    TIM_ForcedOC3Config                      0x08001b9b   Thumb Code    18  stm32f4xx_tim.o(.text)
    TIM_ForcedOC4Config                      0x08001bad   Thumb Code    26  stm32f4xx_tim.o(.text)
    TIM_OC1PreloadConfig                     0x08001bc7   Thumb Code    18  stm32f4xx_tim.o(.text)
    TIM_OC2PreloadConfig                     0x08001bd9   Thumb Code    26  stm32f4xx_tim.o(.text)
    TIM_OC3PreloadConfig                     0x08001bf3   Thumb Code    18  stm32f4xx_tim.o(.text)
    TIM_OC4PreloadConfig                     0x08001c05   Thumb Code    26  stm32f4xx_tim.o(.text)
    TIM_OC1FastConfig                        0x08001c1f   Thumb Code    18  stm32f4xx_tim.o(.text)
    TIM_OC2FastConfig                        0x08001c31   Thumb Code    26  stm32f4xx_tim.o(.text)
    TIM_OC3FastConfig                        0x08001c4b   Thumb Code    18  stm32f4xx_tim.o(.text)
    TIM_OC4FastConfig                        0x08001c5d   Thumb Code    26  stm32f4xx_tim.o(.text)
    TIM_ClearOC1Ref                          0x08001c77   Thumb Code    18  stm32f4xx_tim.o(.text)
    TIM_ClearOC2Ref                          0x08001c89   Thumb Code    24  stm32f4xx_tim.o(.text)
    TIM_ClearOC3Ref                          0x08001ca1   Thumb Code    18  stm32f4xx_tim.o(.text)
    TIM_ClearOC4Ref                          0x08001cb3   Thumb Code    24  stm32f4xx_tim.o(.text)
    TIM_OC1PolarityConfig                    0x08001ccb   Thumb Code    18  stm32f4xx_tim.o(.text)
    TIM_OC1NPolarityConfig                   0x08001cdd   Thumb Code    18  stm32f4xx_tim.o(.text)
    TIM_OC2PolarityConfig                    0x08001cef   Thumb Code    26  stm32f4xx_tim.o(.text)
    TIM_OC2NPolarityConfig                   0x08001d09   Thumb Code    26  stm32f4xx_tim.o(.text)
    TIM_OC3PolarityConfig                    0x08001d23   Thumb Code    26  stm32f4xx_tim.o(.text)
    TIM_OC3NPolarityConfig                   0x08001d3d   Thumb Code    26  stm32f4xx_tim.o(.text)
    TIM_OC4PolarityConfig                    0x08001d57   Thumb Code    26  stm32f4xx_tim.o(.text)
    TIM_CCxCmd                               0x08001d71   Thumb Code    30  stm32f4xx_tim.o(.text)
    TIM_CCxNCmd                              0x08001d8f   Thumb Code    30  stm32f4xx_tim.o(.text)
    TIM_SetIC4Prescaler                      0x08001dad   Thumb Code    26  stm32f4xx_tim.o(.text)
    TIM_SetIC3Prescaler                      0x08001e17   Thumb Code    18  stm32f4xx_tim.o(.text)
    TIM_SetIC2Prescaler                      0x08001e71   Thumb Code    26  stm32f4xx_tim.o(.text)
    TIM_SetIC1Prescaler                      0x08001ee5   Thumb Code    18  stm32f4xx_tim.o(.text)
    TIM_ICInit                               0x08001f31   Thumb Code   110  stm32f4xx_tim.o(.text)
    TIM_ICStructInit                         0x08001f9f   Thumb Code    18  stm32f4xx_tim.o(.text)
    TIM_PWMIConfig                           0x08001fb1   Thumb Code   124  stm32f4xx_tim.o(.text)
    TIM_GetCapture1                          0x0800202d   Thumb Code     6  stm32f4xx_tim.o(.text)
    TIM_GetCapture2                          0x08002033   Thumb Code     6  stm32f4xx_tim.o(.text)
    TIM_GetCapture3                          0x08002039   Thumb Code     6  stm32f4xx_tim.o(.text)
    TIM_GetCapture4                          0x0800203f   Thumb Code     6  stm32f4xx_tim.o(.text)
    TIM_BDTRConfig                           0x08002045   Thumb Code    32  stm32f4xx_tim.o(.text)
    TIM_BDTRStructInit                       0x08002065   Thumb Code    18  stm32f4xx_tim.o(.text)
    TIM_CtrlPWMOutputs                       0x08002077   Thumb Code    30  stm32f4xx_tim.o(.text)
    TIM_SelectCOM                            0x08002095   Thumb Code    24  stm32f4xx_tim.o(.text)
    TIM_CCPreloadControl                     0x080020ad   Thumb Code    24  stm32f4xx_tim.o(.text)
    TIM_ITConfig                             0x080020c5   Thumb Code    18  stm32f4xx_tim.o(.text)
    TIM_GenerateEvent                        0x080020d7   Thumb Code     4  stm32f4xx_tim.o(.text)
    TIM_GetFlagStatus                        0x080020db   Thumb Code    18  stm32f4xx_tim.o(.text)
    TIM_ClearFlag                            0x080020ed   Thumb Code     6  stm32f4xx_tim.o(.text)
    TIM_GetITStatus                          0x080020f3   Thumb Code    34  stm32f4xx_tim.o(.text)
    TIM_ClearITPendingBit                    0x08002115   Thumb Code     6  stm32f4xx_tim.o(.text)
    TIM_DMAConfig                            0x0800211b   Thumb Code    10  stm32f4xx_tim.o(.text)
    TIM_DMACmd                               0x08002125   Thumb Code    18  stm32f4xx_tim.o(.text)
    TIM_SelectCCDMA                          0x08002137   Thumb Code    24  stm32f4xx_tim.o(.text)
    TIM_InternalClockConfig                  0x0800214f   Thumb Code    12  stm32f4xx_tim.o(.text)
    TIM_SelectInputTrigger                   0x0800215b   Thumb Code    18  stm32f4xx_tim.o(.text)
    TIM_ITRxExternalClockConfig              0x0800216d   Thumb Code    24  stm32f4xx_tim.o(.text)
    TIM_TIxExternalClockConfig               0x08002185   Thumb Code    62  stm32f4xx_tim.o(.text)
    TIM_ETRConfig                            0x080021c3   Thumb Code    28  stm32f4xx_tim.o(.text)
    TIM_ETRClockMode1Config                  0x080021df   Thumb Code    54  stm32f4xx_tim.o(.text)
    TIM_ETRClockMode2Config                  0x08002215   Thumb Code    32  stm32f4xx_tim.o(.text)
    TIM_SelectOutputTrigger                  0x08002235   Thumb Code    18  stm32f4xx_tim.o(.text)
    TIM_SelectSlaveMode                      0x08002247   Thumb Code    18  stm32f4xx_tim.o(.text)
    TIM_SelectMasterSlaveMode                0x08002259   Thumb Code    18  stm32f4xx_tim.o(.text)
    TIM_EncoderInterfaceConfig               0x0800226b   Thumb Code    66  stm32f4xx_tim.o(.text)
    TIM_SelectHallSensor                     0x080022ad   Thumb Code    24  stm32f4xx_tim.o(.text)
    TIM_RemapConfig                          0x080022c5   Thumb Code     6  stm32f4xx_tim.o(.text)
    USART_DeInit                             0x080022cd   Thumb Code   206  stm32f4xx_usart.o(.text)
    USART_Init                               0x0800239b   Thumb Code   204  stm32f4xx_usart.o(.text)
    USART_StructInit                         0x08002467   Thumb Code    24  stm32f4xx_usart.o(.text)
    USART_ClockInit                          0x0800247f   Thumb Code    32  stm32f4xx_usart.o(.text)
    USART_ClockStructInit                    0x0800249f   Thumb Code    12  stm32f4xx_usart.o(.text)
    USART_Cmd                                0x080024ab   Thumb Code    24  stm32f4xx_usart.o(.text)
    USART_SetPrescaler                       0x080024c3   Thumb Code    16  stm32f4xx_usart.o(.text)
    USART_OverSampling8Cmd                   0x080024d3   Thumb Code    22  stm32f4xx_usart.o(.text)
    USART_OneBitMethodCmd                    0x080024e9   Thumb Code    24  stm32f4xx_usart.o(.text)
    USART_SendData                           0x08002501   Thumb Code     8  stm32f4xx_usart.o(.text)
    USART_ReceiveData                        0x08002509   Thumb Code    10  stm32f4xx_usart.o(.text)
    USART_SetAddress                         0x08002513   Thumb Code    18  stm32f4xx_usart.o(.text)
    USART_ReceiverWakeUpCmd                  0x08002525   Thumb Code    24  stm32f4xx_usart.o(.text)
    USART_WakeUpConfig                       0x0800253d   Thumb Code    18  stm32f4xx_usart.o(.text)
    USART_LINBreakDetectLengthConfig         0x0800254f   Thumb Code    18  stm32f4xx_usart.o(.text)
    USART_LINCmd                             0x08002561   Thumb Code    24  stm32f4xx_usart.o(.text)
    USART_SendBreak                          0x08002579   Thumb Code    10  stm32f4xx_usart.o(.text)
    USART_HalfDuplexCmd                      0x08002583   Thumb Code    24  stm32f4xx_usart.o(.text)
    USART_SetGuardTime                       0x0800259b   Thumb Code    16  stm32f4xx_usart.o(.text)
    USART_SmartCardCmd                       0x080025ab   Thumb Code    24  stm32f4xx_usart.o(.text)
    USART_SmartCardNACKCmd                   0x080025c3   Thumb Code    24  stm32f4xx_usart.o(.text)
    USART_IrDAConfig                         0x080025db   Thumb Code    18  stm32f4xx_usart.o(.text)
    USART_IrDACmd                            0x080025ed   Thumb Code    24  stm32f4xx_usart.o(.text)
    USART_DMACmd                             0x08002605   Thumb Code    18  stm32f4xx_usart.o(.text)
    USART_ITConfig                           0x08002617   Thumb Code    74  stm32f4xx_usart.o(.text)
    USART_GetFlagStatus                      0x08002661   Thumb Code    26  stm32f4xx_usart.o(.text)
    USART_ClearFlag                          0x0800267b   Thumb Code    18  stm32f4xx_usart.o(.text)
    USART_GetITStatus                        0x0800268d   Thumb Code   118  stm32f4xx_usart.o(.text)
    USART_ClearITPendingBit                  0x08002703   Thumb Code    30  stm32f4xx_usart.o(.text)
    SysTick_Configuration                    0x08002741   Thumb Code    82  delay.o(.text)
    GetSysTime_us                            0x08002793   Thumb Code    48  delay.o(.text)
    delay_us                                 0x080027c3   Thumb Code    24  delay.o(.text)
    delay_ms                                 0x080027db   Thumb Code    26  delay.o(.text)
    SysTick_Handler                          0x08002801   Thumb Code    18  sys.o(.text)
    micros                                   0x08002813   Thumb Code    48  sys.o(.text)
    ALL_Init                                 0x0800284d   Thumb Code   196  init.o(.text)
    TIM2_IRQHandler                          0x08002919   Thumb Code   204  scheduler.o(.text)
    TIM2_config                              0x080029f9   Thumb Code   106  tim.o(.text)
    TIM1_TIM4_PWM_IN_Init                    0x08002a65   Thumb Code   654  tim_in.o(.text)
    TIM1_CC_IRQHandler                       0x08002cf3   Thumb Code   608  tim_in.o(.text)
    TIM4_IRQHandler                          0x08002f53   Thumb Code   582  tim_in.o(.text)
    TIM3_TIM5_TIM8_PWM_Out_Init              0x080031d1   Thumb Code   752  tim_out.o(.text)
    _sys_exit                                0x080034e1   Thumb Code     4  usart1.o(.text)
    fputc                                    0x080034e5   Thumb Code    22  usart1.o(.text)
    USART1_init                              0x080034fb   Thumb Code   164  usart1.o(.text)
    USART1_Send                              0x0800359f   Thumb Code    38  usart1.o(.text)
    USART1_IRQHandler                        0x080035c5   Thumb Code     2  usart1.o(.text)
    USART2_init                              0x080035d1   Thumb Code   362  usart2.o(.text)
    USART2_Send                              0x0800373b   Thumb Code    40  usart2.o(.text)
    DMA1_Stream6_IRQHandler                  0x08003763   Thumb Code    34  usart2.o(.text)
    UART5_init                               0x08003795   Thumb Code   206  usart5.o(.text)
    UART5_IRQHandler                         0x08003863   Thumb Code    96  usart5.o(.text)
    UART5_Send                               0x080038c3   Thumb Code    60  usart5.o(.text)
    IICx_Init                                0x08003919   Thumb Code   152  i2c_hardware.o(.text)
    I2C_ReadOneByte                          0x080039b1   Thumb Code   316  i2c_hardware.o(.text)
    I2C_WriteOneByte                         0x08003aed   Thumb Code   240  i2c_hardware.o(.text)
    I2C_ReadBuffer                           0x08003bdd   Thumb Code   424  i2c_hardware.o(.text)
    Usb_Hid_Init                             0x08003d85   Thumb Code    14  usbd_user_hid.o(.text)
    Usb_Hid_Adddata                          0x08003d93   Thumb Code    36  usbd_user_hid.o(.text)
    Usb_Hid_Send                             0x08003db7   Thumb Code   408  usbd_user_hid.o(.text)
    usbd_hid_get_report                      0x08003f4f   Thumb Code    54  usbd_user_hid.o(.text)
    usbd_hid_set_report                      0x08003f85   Thumb Code   120  usbd_user_hid.o(.text)
    usbd_stm32_delay                         0x08004019   Thumb Code    40  usbd_stm32f4xx_fs.o(.text)
    USBD_IntrEna                             0x08004041   Thumb Code    26  usbd_stm32f4xx_fs.o(.text)
    USBD_Init                                0x0800405b   Thumb Code   462  usbd_stm32f4xx_fs.o(.text)
    USBD_Connect                             0x08004229   Thumb Code    62  usbd_stm32f4xx_fs.o(.text)
    USBD_SetAddress                          0x08004267   Thumb Code    24  usbd_stm32f4xx_fs.o(.text)
    USBD_Reset                               0x0800427f   Thumb Code   192  usbd_stm32f4xx_fs.o(.text)
    USBD_Suspend                             0x0800433f   Thumb Code     2  usbd_stm32f4xx_fs.o(.text)
    USBD_Resume                              0x08004341   Thumb Code     2  usbd_stm32f4xx_fs.o(.text)
    USBD_WakeUp                              0x08004343   Thumb Code    34  usbd_stm32f4xx_fs.o(.text)
    USBD_WakeUpCfg                           0x08004365   Thumb Code     2  usbd_stm32f4xx_fs.o(.text)
    USBD_Configure                           0x080043a3   Thumb Code    14  usbd_stm32f4xx_fs.o(.text)
    USBD_ConfigEP                            0x080043b1   Thumb Code   250  usbd_stm32f4xx_fs.o(.text)
    USBD_DirCtrlEP                           0x080044ab   Thumb Code     2  usbd_stm32f4xx_fs.o(.text)
    USBD_EnableEP                            0x080044ad   Thumb Code   200  usbd_stm32f4xx_fs.o(.text)
    USBD_DisableEP                           0x08004575   Thumb Code   418  usbd_stm32f4xx_fs.o(.text)
    USBD_GetFrame                            0x08004717   Thumb Code    12  usbd_stm32f4xx_fs.o(.text)
    USBD_ResetEP                             0x08004723   Thumb Code   206  usbd_stm32f4xx_fs.o(.text)
    USBD_SetStallEP                          0x080047f1   Thumb Code   268  usbd_stm32f4xx_fs.o(.text)
    USBD_ClrStallEP                          0x080048fd   Thumb Code   186  usbd_stm32f4xx_fs.o(.text)
    USBD_ClearEPBuf                          0x080049b7   Thumb Code    70  usbd_stm32f4xx_fs.o(.text)
    USBD_ReadEP                              0x080049fd   Thumb Code   200  usbd_stm32f4xx_fs.o(.text)
    USBD_WriteEP                             0x08004ac5   Thumb Code   368  usbd_stm32f4xx_fs.o(.text)
    OTG_FS_IRQHandler                        0x08004c35   Thumb Code  1660  usbd_stm32f4xx_fs.o(.text)
    LEDInit                                  0x080052d1   Thumb Code    86  led.o(.text)
    LED_display                              0x08005327   Thumb Code   546  led.o(.text)
    MPU6050_Init                             0x08005571   Thumb Code   110  mpu6050.o(.text)
    mpu_read                                 0x080055df   Thumb Code   138  mpu6050.o(.text)
    mpu_get_acc_x                            0x08005669   Thumb Code    42  mpu6050.o(.text)
    mpu_get_acc_y                            0x08005693   Thumb Code    42  mpu6050.o(.text)
    mpu_get_acc_z                            0x080056bd   Thumb Code    42  mpu6050.o(.text)
    mpu_get_gyr_x                            0x080056e7   Thumb Code    42  mpu6050.o(.text)
    mpu_get_gyr_y                            0x08005711   Thumb Code    42  mpu6050.o(.text)
    mpu_get_gyr_z                            0x0800573b   Thumb Code    42  mpu6050.o(.text)
    mpu_get_temp                             0x08005765   Thumb Code    42  mpu6050.o(.text)
    Ultra_Start                              0x08005795   Thumb Code    26  us100.o(.text)
    US100_Get                                0x080057af   Thumb Code   120  us100.o(.text)
    AK8975_Write                             0x08005845   Thumb Code    22  ak8975.o(.text)
    AK8975_Read                              0x0800585b   Thumb Code    22  ak8975.o(.text)
    AK8975_Init                              0x08005871   Thumb Code    40  ak8975.o(.text)
    mag_read                                 0x08005899   Thumb Code   126  ak8975.o(.text)
    spl06_write                              0x0800591d   Thumb Code    22  spl06.o(.text)
    spl06_001_start_continuous               0x08005933   Thumb Code    18  spl06.o(.text)
    spl06_read                               0x08005945   Thumb Code    22  spl06.o(.text)
    spl06_001_set                            0x0800595b   Thumb Code   314  spl06.o(.text)
    spl06_001_get_calib_param                0x08005a95   Thumb Code   596  spl06.o(.text)
    SPL06_001_Init                           0x08005ce9   Thumb Code    68  spl06.o(.text)
    spl06_001_get_raw_pressure               0x08005d2d   Thumb Code    92  spl06.o(.text)
    spl06_001_get_raw_temp                   0x08005d89   Thumb Code    92  spl06.o(.text)
    spl06_001_get_pressure                   0x08005de5   Thumb Code   170  spl06.o(.text)
    spl06_001_get_temperature                0x08005e8f   Thumb Code   118  spl06.o(.text)
    spl06_001_get_data                       0x08005f05   Thumb Code    12  spl06.o(.text)
    spl06_001_HeightHighProcess              0x08005f11   Thumb Code    76  spl06.o(.text)
    NRF24L01_Configuration                   0x08005f79   Thumb Code   248  nrf24l01.o(.text)
    My_NRF24L01_Init                         0x08006071   Thumb Code   110  nrf24l01.o(.text)
    SPI_ReadWriteByte                        0x080060df   Thumb Code   108  nrf24l01.o(.text)
    NRF24L01_Read_Buf                        0x0800614b   Thumb Code    64  nrf24l01.o(.text)
    NRF24L01_Write_Buf                       0x0800618b   Thumb Code    64  nrf24l01.o(.text)
    NRF24L01_Check                           0x080061cb   Thumb Code    66  nrf24l01.o(.text)
    NRF24L01_Write_Reg                       0x0800620d   Thumb Code    44  nrf24l01.o(.text)
    NRF24L01_Read_Reg                        0x08006239   Thumb Code    42  nrf24l01.o(.text)
    NRF24L01_TxPacket                        0x08006263   Thumb Code   116  nrf24l01.o(.text)
    NRF24L01_TX_Mode                         0x080062d7   Thumb Code   100  nrf24l01.o(.text)
    CRC_CHECK                                0x08006355   Thumb Code    58  osc.o(.text)
    OutPut_Data                              0x0800638f   Thumb Code    76  osc.o(.text)
    Mpu6050_Updata                           0x080063e5   Thumb Code   142  senror.o(.text)
    Mag8975_Updata                           0x08006473   Thumb Code   204  senror.o(.text)
    sensor_cal_round                         0x0800653f   Thumb Code    44  senror.o(.text)
    mpu6050_calibrate                        0x0800656b   Thumb Code   178  senror.o(.text)
    Mag8975_calibrate                        0x0800661d   Thumb Code  1012  senror.o(.text)
    ANO_Recive                               0x08006a55   Thumb Code   410  ano_dt.o(.text)
    ANTO_Send                                0x08006bef   Thumb Code  1052  ano_dt.o(.text)
    ANTO_polling                             0x0800700b   Thumb Code   788  ano_dt.o(.text)
    USART2_IRQHandler                        0x0800731f   Thumb Code   242  ano_dt.o(.text)
    remote_unlock                            0x08007425   Thumb Code   234  remote.o(.text)
    RC_Analy                                 0x0800750f   Thumb Code   198  remote.o(.text)
    Feed_Rc_Dog                              0x080075d5   Thumb Code     8  remote.o(.text)
    ESC_Calibartion                          0x080075dd   Thumb Code    98  remote.o(.text)
    HeightPidControl                         0x08007659   Thumb Code   446  control.o(.text)
    AttitudePidControl                       0x08007817   Thumb Code   838  control.o(.text)
    MotorControl                             0x08007b5d   Thumb Code   714  control.o(.text)
    Strapdown_INS_High                       0x08007e55   Thumb Code   440  high_process.o(.text)
    Strapdown_INS_High_US100                 0x0800800d   Thumb Code   452  high_process.o(.text)
    High_US100                               0x080081d1   Thumb Code   344  high_process.o(.text)
    GYRO_LPF                                 0x08008335   Thumb Code   110  attitude_process.o(.text)
    GYRO_IMU_Filter                          0x080083a3   Thumb Code    80  attitude_process.o(.text)
    LPButterworth                            0x080083f3   Thumb Code   138  attitude_process.o(.text)
    ACC_IMU_Filter                           0x0800847d   Thumb Code   672  attitude_process.o(.text)
    Acce_Control_Filter                      0x0800871d   Thumb Code   610  attitude_process.o(.text)
    SINS_Prepare                             0x0800897f   Thumb Code   634  attitude_process.o(.text)
    fliter_lowpass_init                      0x08008bf9   Thumb Code    10  filter.o(.text)
    fliter_lowpass                           0x08008c03   Thumb Code    42  filter.o(.text)
    KalmanFilter_x                           0x08008c2d   Thumb Code   240  filter.o(.text)
    KalmanFilter_y                           0x08008d1d   Thumb Code   240  filter.o(.text)
    KalmanFilter_z                           0x08008e0d   Thumb Code   240  filter.o(.text)
    limit_date                               0x08008efd   Thumb Code    30  filter.o(.text)
    kalman_1                                 0x08008f1b   Thumb Code    90  filter.o(.text)
    Q_rsqrt                                  0x08008f95   Thumb Code    64  mymath.o(.text)
    PID_Init                                 0x08008fd9   Thumb Code   322  pid.o(.text)
    Total_PID_Init                           0x0800911b   Thumb Code   138  pid.o(.text)
    PID_Control                              0x080091a5   Thumb Code   380  pid.o(.text)
    PID_Control_Yaw                          0x08009321   Thumb Code   502  pid.o(.text)
    PID_Control_High                         0x08009517   Thumb Code   380  pid.o(.text)
    Control_Device_LPF                       0x08009693   Thumb Code   110  pid.o(.text)
    PID_Control_Div_LPF                      0x08009701   Thumb Code   452  pid.o(.text)
    PID_Control_Err_LPF                      0x080098c5   Thumb Code   438  pid.o(.text)
    pidRest                                  0x08009a7b   Thumb Code   158  pid.o(.text)
    AHRSUpdate_GraDes_Delay_Corretion        0x08009b25   Thumb Code  1846  imu.o(.text)
    Yaw_Lock                                 0x0800a25b   Thumb Code   396  imu.o(.text)
    IMU_Calculation                          0x0800a3e7   Thumb Code   372  imu.o(.text)
    usbd_init                                0x0800a571   Thumb Code    22  usbd_core.o(.text)
    usbd_connect                             0x0800a587   Thumb Code    12  usbd_core.o(.text)
    usbd_reset_core                          0x0800a593   Thumb Code    38  usbd_core.o(.text)
    usbd_configured                          0x0800a5b9   Thumb Code    14  usbd_core.o(.text)
    USBD_SetupStage                          0x0800a5c7   Thumb Code    12  usbd_core.o(.text)
    USBD_DataInStage                         0x0800a5d3   Thumb Code    66  usbd_core.o(.text)
    USBD_DataOutStage                        0x0800a615   Thumb Code    34  usbd_core.o(.text)
    USBD_StatusInStage                       0x0800a637   Thumb Code    14  usbd_core.o(.text)
    USBD_StatusOutStage                      0x0800a645   Thumb Code    12  usbd_core.o(.text)
    USBD_ReqGetStatus                        0x0800a651   Thumb Code   160  usbd_core.o(.text)
    USBD_ReqSetClrFeature                    0x0800a6f1   Thumb Code   216  usbd_core.o(.text)
    USBD_ReqGetDescriptor                    0x0800a7c9   Thumb Code   496  usbd_core.o(.text)
    USBD_ReqGetConfiguration                 0x0800a9b9   Thumb Code    28  usbd_core.o(.text)
    USBD_ReqSetConfiguration                 0x0800a9d5   Thumb Code   432  usbd_core.o(.text)
    USBD_ReqGetInterface                     0x0800ab85   Thumb Code    60  usbd_core.o(.text)
    USBD_ReqSetInterface                     0x0800abc1   Thumb Code   308  usbd_core.o(.text)
    USBD_EndPoint0                           0x0800acf5   Thumb Code   682  usbd_core.o(.text)
    USBD_ReqGetDescriptor_HID                0x0800afb9   Thumb Code   132  usbd_core_hid.o(.text)
    USBD_EndPoint0_Setup_HID_ReqToIF         0x0800b03d   Thumb Code   200  usbd_core_hid.o(.text)
    USBD_EndPoint0_Out_HID_ReqToIF           0x0800b105   Thumb Code    44  usbd_core_hid.o(.text)
    usbd_hid_init                            0x0800b169   Thumb Code     2  usbd_hid.o(.text)
    usbd_hid_get_protocol                    0x0800b179   Thumb Code     4  usbd_hid.o(.text)
    usbd_hid_set_protocol                    0x0800b17d   Thumb Code     2  usbd_hid.o(.text)
    USBD_HID_GetReport                       0x0800b17f   Thumb Code    54  usbd_hid.o(.text)
    USBD_HID_SetReport                       0x0800b1b5   Thumb Code    58  usbd_hid.o(.text)
    USBD_HID_GetIdle                         0x0800b1ef   Thumb Code    16  usbd_hid.o(.text)
    USBD_HID_SetIdle                         0x0800b1ff   Thumb Code    48  usbd_hid.o(.text)
    USBD_HID_GetProtocol                     0x0800b22f   Thumb Code    14  usbd_hid.o(.text)
    USBD_HID_SetProtocol                     0x0800b23d   Thumb Code    14  usbd_hid.o(.text)
    USBD_HID_EP_INTIN_Event                  0x0800b24b   Thumb Code   422  usbd_hid.o(.text)
    USBD_HID_EP_INTOUT_Event                 0x0800b3f1   Thumb Code   148  usbd_hid.o(.text)
    USBD_HID_Configure_Event                 0x0800b485   Thumb Code    48  usbd_hid.o(.text)
    USBD_HID_EP_INT_Event                    0x0800b4b5   Thumb Code    30  usbd_hid.o(.text)
    USBD_HID_SOF_Event                       0x0800b4d3   Thumb Code   460  usbd_hid.o(.text)
    usbd_hid_get_report_trigger              0x0800b69f   Thumb Code   148  usbd_hid.o(.text)
    get_len_string_interface                 0x0800b76d   Thumb Code    18  version.o(.text)
    get_uid_string_interface                 0x0800b77f   Thumb Code     4  version.o(.text)
    USBD_Configure_Event                     0x0800b78d   Thumb Code     4  usb_config.o(.text)
    USBD_ReqClrFeature_MSC                   0x0800b791   Thumb Code     2  usb_config.o(.text)
    USBD_EndPoint0_Setup_MSC_ReqToIF         0x0800b793   Thumb Code     4  usb_config.o(.text)
    USBD_EndPoint0_Out_MSC_ReqToIF           0x0800b797   Thumb Code     4  usb_config.o(.text)
    USBD_EndPoint0_Setup_ADC_ReqToIF         0x0800b79b   Thumb Code     4  usb_config.o(.text)
    USBD_EndPoint0_Setup_ADC_ReqToEP         0x0800b79f   Thumb Code     4  usb_config.o(.text)
    USBD_EndPoint0_Out_ADC_ReqToIF           0x0800b7a3   Thumb Code     4  usb_config.o(.text)
    USBD_EndPoint0_Out_ADC_ReqToEP           0x0800b7a7   Thumb Code     4  usb_config.o(.text)
    USBD_EndPoint0_Setup_CDC_ReqToIF         0x0800b7ab   Thumb Code     4  usb_config.o(.text)
    USBD_EndPoint0_Out_CDC_ReqToIF           0x0800b7af   Thumb Code     4  usb_config.o(.text)
    USBD_EndPoint0_Setup_CLS_ReqToDEV        0x0800b7b3   Thumb Code     4  usb_config.o(.text)
    USBD_EndPoint0_Setup_CLS_ReqToIF         0x0800b7b7   Thumb Code     4  usb_config.o(.text)
    USBD_EndPoint0_Setup_CLS_ReqToEP         0x0800b7bb   Thumb Code     4  usb_config.o(.text)
    USBD_EndPoint0_Out_CLS_ReqToDEV          0x0800b7bf   Thumb Code     4  usb_config.o(.text)
    USBD_EndPoint0_Out_CLS_ReqToIF           0x0800b7c3   Thumb Code     4  usb_config.o(.text)
    USBD_EndPoint0_Out_CLS_ReqToEP           0x0800b7c7   Thumb Code     4  usb_config.o(.text)
    USBD_SOF_Event                           0x0800b7cb   Thumb Code     4  usb_config.o(.text)
    usbd_os_evt_set                          0x0800b7cf   Thumb Code     2  usb_config.o(.text)
    usbd_os_evt_get                          0x0800b7d1   Thumb Code     4  usb_config.o(.text)
    usbd_os_evt_wait_or                      0x0800b7d5   Thumb Code     4  usb_config.o(.text)
    usbd_class_init                          0x0800b7d9   Thumb Code     4  usb_config.o(.text)
    USBD_RTX_TaskInit                        0x0800b7dd   Thumb Code     2  usb_config.o(.text)
    __aeabi_memcpy                           0x0800b7df   Thumb Code    36  memcpya.o(.text)
    __aeabi_memcpy4                          0x0800b7df   Thumb Code     0  memcpya.o(.text)
    __aeabi_memcpy8                          0x0800b7df   Thumb Code     0  memcpya.o(.text)
    strlen                                   0x0800b803   Thumb Code    14  strlen.o(.text)
    __aeabi_dadd                             0x0800b811   Thumb Code   322  dadd.o(.text)
    __aeabi_dsub                             0x0800b953   Thumb Code     6  dadd.o(.text)
    __aeabi_drsub                            0x0800b959   Thumb Code     6  dadd.o(.text)
    __aeabi_dmul                             0x0800b95f   Thumb Code   228  dmul.o(.text)
    __aeabi_ddiv                             0x0800ba43   Thumb Code   222  ddiv.o(.text)
    __aeabi_i2d                              0x0800bb21   Thumb Code    34  dflti.o(.text)
    __aeabi_d2iz                             0x0800bb43   Thumb Code    62  dfixi.o(.text)
    __aeabi_f2d                              0x0800bb81   Thumb Code    38  f2d.o(.text)
    __aeabi_d2f                              0x0800bba7   Thumb Code    56  d2f.o(.text)
    __aeabi_llsl                             0x0800bbdf   Thumb Code    30  llshl.o(.text)
    _ll_shift_l                              0x0800bbdf   Thumb Code     0  llshl.o(.text)
    __aeabi_llsr                             0x0800bbfd   Thumb Code    32  llushr.o(.text)
    _ll_ushift_r                             0x0800bbfd   Thumb Code     0  llushr.o(.text)
    __aeabi_lasr                             0x0800bc1d   Thumb Code    36  llsshr.o(.text)
    _ll_sshift_r                             0x0800bc1d   Thumb Code     0  llsshr.o(.text)
    __I$use$fp                               0x0800bc41   Thumb Code     0  iusefp.o(.text)
    _float_round                             0x0800bc41   Thumb Code    18  fepilogue.o(.text)
    _float_epilogue                          0x0800bc53   Thumb Code    92  fepilogue.o(.text)
    _double_round                            0x0800bcaf   Thumb Code    30  depilogue.o(.text)
    _double_epilogue                         0x0800bccd   Thumb Code   156  depilogue.o(.text)
    _dsqrt                                   0x0800bd69   Thumb Code   162  dsqrt.o(.text)
    __scatterload                            0x0800be0d   Thumb Code    28  init.o(.text)
    __scatterload_rt2                        0x0800be0d   Thumb Code     0  init.o(.text)
    __aeabi_ui2d                             0x0800be31   Thumb Code    26  dfltui.o(.text)
    __decompress                             0x0800be4b   Thumb Code     0  __dczerorl2.o(.text)
    __decompress1                            0x0800be4b   Thumb Code    86  __dczerorl2.o(.text)
    __ARM_fpclassify                         0x0800bea1   Thumb Code    48  fpclassify.o(i.__ARM_fpclassify)
    __hardfp_asin                            0x0800bed1   Thumb Code   770  asin.o(i.__hardfp_asin)
    __hardfp_atan                            0x0800c231   Thumb Code   622  atan.o(i.__hardfp_atan)
    __hardfp_atan2                           0x0800c509   Thumb Code   432  atan2.o(i.__hardfp_atan2)
    __hardfp_cos                             0x0800c6f9   Thumb Code   180  cos.o(i.__hardfp_cos)
    __hardfp_sin                             0x0800c7c1   Thumb Code   180  sin.o(i.__hardfp_sin)
    __hardfp_sqrt                            0x0800c889   Thumb Code   122  sqrt.o(i.__hardfp_sqrt)
    __ieee754_rem_pio2                       0x0800c909   Thumb Code   938  rred.o(i.__ieee754_rem_pio2)
    __kernel_cos                             0x0800cd41   Thumb Code   322  cos_i.o(i.__kernel_cos)
    __kernel_poly                            0x0800ceb1   Thumb Code   248  poly.o(i.__kernel_poly)
    __kernel_sin                             0x0800cfa9   Thumb Code   280  sin_i.o(i.__kernel_sin)
    __mathlib_dbl_infnan                     0x0800d0d9   Thumb Code    20  dunder.o(i.__mathlib_dbl_infnan)
    __mathlib_dbl_infnan2                    0x0800d0ed   Thumb Code    20  dunder.o(i.__mathlib_dbl_infnan2)
    __mathlib_dbl_invalid                    0x0800d101   Thumb Code    24  dunder.o(i.__mathlib_dbl_invalid)
    __mathlib_dbl_underflow                  0x0800d121   Thumb Code    24  dunder.o(i.__mathlib_dbl_underflow)
    __scatterload_copy                       0x0800d141   Thumb Code    14  handlers.o(i.__scatterload_copy)
    __scatterload_null                       0x0800d14f   Thumb Code     2  handlers.o(i.__scatterload_null)
    __scatterload_zeroinit                   0x0800d151   Thumb Code    14  handlers.o(i.__scatterload_zeroinit)
    __set_errno                              0x0800d161   Thumb Code     6  errno.o(i.__set_errno)
    atan                                     0x0800d16d   Thumb Code    16  atan.o(i.atan)
    fabs                                     0x0800d17d   Thumb Code    24  fabs.o(i.fabs)
    sqrt                                     0x0800d195   Thumb Code   110  sqrt.o(i.sqrt)
    TX_ADDRESS                               0x0800d202   Data           5  nrf24l01.o(.constdata)
    RX_ADDRESS                               0x0800d207   Data           5  nrf24l01.o(.constdata)
    Control_Unit                             0x0800d230   Data        1020  pid.o(.constdata)
    Quad_Num                                 0x0800d62c   Data           1  imu.o(.constdata)
    usbd_power                               0x0800d644   Data           1  usb_config.o(.constdata)
    usbd_hs_enable                           0x0800d645   Data           1  usb_config.o(.constdata)
    usbd_if_num                              0x0800d646   Data           2  usb_config.o(.constdata)
    usbd_ep_num                              0x0800d648   Data           1  usb_config.o(.constdata)
    usbd_max_packet0                         0x0800d649   Data           1  usb_config.o(.constdata)
    usbd_hid_if_num                          0x0800d64a   Data           1  usb_config.o(.constdata)
    usbd_hid_ep_intin                        0x0800d64b   Data           1  usb_config.o(.constdata)
    usbd_hid_ep_intout                       0x0800d64c   Data           1  usb_config.o(.constdata)
    usbd_hid_interval                        0x0800d64e   Data           4  usb_config.o(.constdata)
    usbd_hid_maxpacketsize                   0x0800d652   Data           4  usb_config.o(.constdata)
    usbd_hid_inreport_num                    0x0800d656   Data           1  usb_config.o(.constdata)
    usbd_hid_outreport_num                   0x0800d657   Data           1  usb_config.o(.constdata)
    usbd_hid_inreport_max_sz                 0x0800d658   Data           2  usb_config.o(.constdata)
    usbd_hid_outreport_max_sz                0x0800d65a   Data           2  usb_config.o(.constdata)
    usbd_hid_featreport_max_sz               0x0800d65c   Data           2  usb_config.o(.constdata)
    USBD_P_Power_Event                       0x0800d660   Data           4  usb_config.o(.constdata)
    USBD_P_Reset_Event                       0x0800d664   Data           4  usb_config.o(.constdata)
    USBD_P_Suspend_Event                     0x0800d668   Data           4  usb_config.o(.constdata)
    USBD_P_Resume_Event                      0x0800d66c   Data           4  usb_config.o(.constdata)
    USBD_P_WakeUp_Event                      0x0800d670   Data           4  usb_config.o(.constdata)
    USBD_P_SOF_Event                         0x0800d674   Data           4  usb_config.o(.constdata)
    USBD_P_Error_Event                       0x0800d678   Data           4  usb_config.o(.constdata)
    USBD_P_EP                                0x0800d67c   Data          64  usb_config.o(.constdata)
    USBD_P_Configure_Event                   0x0800d6bc   Data           4  usb_config.o(.constdata)
    USBD_P_Interface_Event                   0x0800d6c0   Data           4  usb_config.o(.constdata)
    USBD_P_Feature_Event                     0x0800d6c4   Data           4  usb_config.o(.constdata)
    __rtx                                    0x0800d6c8   Data           4  usb_config.o(.constdata)
    USBD_HID_ReportDescriptor                0x0800d6cc   Data          33  usb_config.o(.constdata)
    USBD_HID_ReportDescriptorSize            0x0800d6ee   Data           2  usb_config.o(.constdata)
    USBD_HID_DescriptorOffset                0x0800d6f0   Data           2  usb_config.o(.constdata)
    USBD_DeviceDescriptor                    0x0800d6f2   Data          18  usb_config.o(.constdata)
    USBD_DeviceQualifier                     0x0800d704   Data           1  usb_config.o(.constdata)
    USBD_DeviceQualifier_HS                  0x0800d705   Data           1  usb_config.o(.constdata)
    USBD_ConfigDescriptor                    0x0800d706   Data          42  usb_config.o(.constdata)
    USBD_ConfigDescriptor_HS                 0x0800d730   Data           1  usb_config.o(.constdata)
    USBD_OtherSpeedConfigDescriptor          0x0800d731   Data           1  usb_config.o(.constdata)
    USBD_OtherSpeedConfigDescriptor_HS       0x0800d732   Data           1  usb_config.o(.constdata)
    USBD_StringDescriptor                    0x0800d734   Data         128  usb_config.o(.constdata)
    __mathlib_zero                           0x0800d8d0   Data           8  qnan.o(.constdata)
    Region$$Table$$Base                      0x0800d9c8   Number         0  anon$$obj.o(Region$$Table)
    Region$$Table$$Limit                     0x0800d9e8   Number         0  anon$$obj.o(Region$$Table)
    SystemCoreClock                          0x20000000   Data           4  system_stm32f4xx.o(.data)
    AHBPrescTable                            0x20000004   Data          16  system_stm32f4xx.o(.data)
    Command                                  0x20000024   Data           3  init.o(.data)
    DeviceCheck                              0x20000028   Data           4  init.o(.data)
    SysTick_count                            0x2000002c   Data           4  init.o(.data)
    Tx5Counter                               0x20000054   Data           1  usart5.o(.data)
    count5                                   0x20000055   Data           1  usart5.o(.data)
    ulTimeOut_Time                           0x20000058   Data           4  i2c_hardware.o(.data)
    I2C_Err                                  0x2000005c   Data           1  i2c_hardware.o(.data)
    HID_SEND_TIMEOUT                         0x2000005d   Data           1  usbd_user_hid.o(.data)
    hid_datatemp_begin                       0x2000005e   Data           1  usbd_user_hid.o(.data)
    hid_datatemp_end                         0x2000005f   Data           1  usbd_user_hid.o(.data)
    OutMaxPacketSize                         0x20000064   Data          16  usbd_stm32f4xx_fs.o(.data)
    InPacketDataPtr                          0x20000074   Data          16  usbd_stm32f4xx_fs.o(.data)
    InPacketDataReady                        0x20000084   Data           4  usbd_stm32f4xx_fs.o(.data)
    SyncWriteEP                              0x20000088   Data           4  usbd_stm32f4xx_fs.o(.data)
    IsoOutTokenRead                          0x2000008c   Data           4  usbd_stm32f4xx_fs.o(.data)
    LED                                      0x20000094   Data           4  led.o(.data)
    ultra_start_f                            0x200000a2   Data           1  us100.o(.data)
    ultra_ok                                 0x200000a3   Data           1  us100.o(.data)
    ultra_distance                           0x200000a4   Data           2  us100.o(.data)
    ultra_distance_old                       0x200000a6   Data           2  us100.o(.data)
    ultra_delta                              0x200000a8   Data           2  us100.o(.data)
    presure_offset                           0x200000ac   Data           4  spl06.o(.data)
    OutData                                  0x200000fc   Data           8  osc.o(.data)
    Mag_Data                                 0x20000104   Data           6  senror.o(.data)
    Mag_Offset                               0x2000010a   Data           6  senror.o(.data)
    x_max                                    0x20000110   Data           2  senror.o(.data)
    x_min                                    0x20000112   Data           2  senror.o(.data)
    y_max                                    0x20000114   Data           2  senror.o(.data)
    y_min                                    0x20000116   Data           2  senror.o(.data)
    z_max                                    0x20000118   Data           2  senror.o(.data)
    z_min                                    0x2000011a   Data           2  senror.o(.data)
    Y_up_angle                               0x2000011c   Data           4  senror.o(.data)
    Z_up_angle                               0x20000120   Data           4  senror.o(.data)
    checkPID                                 0x20000170   Data           2  ano_dt.o(.data)
    Throttle_out                             0x2000017c   Data           4  control.o(.data)
    pos_correction                           0x20000198   Data           4  high_process.o(.data)
    acc_correction                           0x2000019c   Data           4  high_process.o(.data)
    vel_correction                           0x200001a0   Data           4  high_process.o(.data)
    high_test                                0x200001a4   Data           4  high_process.o(.data)
    Altitude_Estimate                        0x200001a8   Data           4  high_process.o(.data)
    A                                        0x200001ac   Data           4  high_process.o(.data)
    B                                        0x200001b0   Data           4  high_process.o(.data)
    High_Filter                              0x200001b4   Data          12  high_process.o(.data)
    Height_old                               0x200001c0   Data           4  high_process.o(.data)
    speed_time                               0x200001c4   Data           4  high_process.o(.data)
    Gyro_Parameter                           0x20000258   Data          24  attitude_process.o(.data)
    Butter_1HZ_Parameter_Acce                0x20000270   Data          24  attitude_process.o(.data)
    Butter_30HZ_Parameter_Acce               0x20000288   Data          24  attitude_process.o(.data)
    Butter_5HZ_Parameter_Acce                0x200002a0   Data          24  attitude_process.o(.data)
    Control_Device_Div_LPF_Parameter         0x200002f0   Data          24  pid.o(.data)
    Control_Device_Err_LPF_Parameter         0x20000308   Data          24  pid.o(.data)
    NumQ                                     0x20000320   Data          16  imu.o(.data)
    USBD_DeviceStatus                        0x20000330   Data           2  usbd_core.o(.data)
    USBD_DeviceAddress                       0x20000332   Data           1  usbd_core.o(.data)
    USBD_Configuration                       0x20000333   Data           1  usbd_core.o(.data)
    USBD_EndPointMask                        0x20000334   Data           4  usbd_core.o(.data)
    USBD_EndPointHalt                        0x20000338   Data           4  usbd_core.o(.data)
    USBD_EndPointStall                       0x2000033c   Data           4  usbd_core.o(.data)
    USBD_NumInterfaces                       0x20000340   Data           1  usbd_core.o(.data)
    USBD_HighSpeed                           0x20000341   Data           1  usbd_core.o(.data)
    USBD_ZLP                                 0x20000342   Data           1  usbd_core.o(.data)
    USBD_EP0Data                             0x20000344   Data           8  usbd_core.o(.data)
    USBD_SetupPacket                         0x2000034c   Data           8  usbd_core.o(.data)
    USBD_HID_Protocol                        0x20000354   Data           1  usbd_hid.o(.data)
    DataOutAsyncReq                          0x20000358   Data           4  usbd_hid.o(.data)
    DataOutUpdateReqMask                     0x2000035c   Data           4  usbd_hid.o(.data)
    ptrDataOut                               0x20000360   Data           4  usbd_hid.o(.data)
    DataOutToSendLen                         0x20000364   Data           2  usbd_hid.o(.data)
    DataOutSentLen                           0x20000366   Data           2  usbd_hid.o(.data)
    DataOutEndWithShortPacket                0x20000368   Data           4  usbd_hid.o(.data)
    ptrDataIn                                0x2000036c   Data           4  usbd_hid.o(.data)
    DataInReceLen                            0x20000370   Data           2  usbd_hid.o(.data)
    ptrDataFeat                              0x20000374   Data           4  usbd_hid.o(.data)
    DataFeatReceLen                          0x20000378   Data           2  usbd_hid.o(.data)
    USBD_AltSetting                          0x2000037c   Data           1  usb_config.o(.data)
    USBD_HID_PollingCnt                      0x2000037e   Data           2  usb_config.o(.data)
    USBD_HID_IdleCnt                         0x20000380   Data           1  usb_config.o(.data)
    USBD_HID_IdleReload                      0x20000381   Data           1  usb_config.o(.data)
    USBD_HID_IdleSet                         0x20000382   Data           1  usb_config.o(.data)
    USBD_HID_FeatReport                      0x20000383   Data           2  usb_config.o(.data)
    tmp_buf                                  0x2000038c   Data          33  main.o(.bss)
    Device                                   0x200003b0   Data          28  init.o(.bss)
    FlightData                               0x200003cc   Data          24  init.o(.bss)
    Tx5Buffer                                0x200003e4   Data         256  usart5.o(.bss)
    hid_datatemp                             0x200004e4   Data         256  usbd_user_hid.o(.bss)
    hid_data2send                            0x200005e4   Data          64  usbd_user_hid.o(.bss)
    HID_IntInPacketData                      0x20000624   Data          64  usbd_stm32f4xx_fs.o(.bss)
    IsoOutPacketDataPtr                      0x20000664   Data          16  usbd_stm32f4xx_fs.o(.bss)
    InPacketDataCnt                          0x20000674   Data          16  usbd_stm32f4xx_fs.o(.bss)
    IsoOutPacketDataCnt                      0x20000684   Data          16  usbd_stm32f4xx_fs.o(.bss)
    p_spl0601                                0x20000694   Data          52  spl06.o(.bss)
    High                                     0x200006c8   Data          12  spl06.o(.bss)
    databuf                                  0x200006d4   Data          10  osc.o(.bss)
    Mpu_Data                                 0x200006de   Data          14  senror.o(.bss)
    Mpu_Offset                               0x200006ec   Data          14  senror.o(.bss)
    Sensor_Data                              0x200006fa   Data          20  senror.o(.bss)
    Height                                   0x20000770   Data          12  high_process.o(.bss)
    Attitude                                 0x20000794   Data         116  attitude_process.o(.bss)
    Gyro_BufferData                          0x20000808   Data          96  attitude_process.o(.bss)
    Butter_Buffer_Correct                    0x20000868   Data          72  attitude_process.o(.bss)
    accButter                                0x200008b0   Data          36  attitude_process.o(.bss)
    Butter_Buffer                            0x200008d4   Data          72  attitude_process.o(.bss)
    Butter_Buffer_Feedback                   0x2000091c   Data          72  attitude_process.o(.bss)
    pidData                                  0x20000964   Data        1920  pid.o(.bss)
    IMU                                      0x200010e4   Data          40  imu.o(.bss)
    string_auth                              0x200011bc   Data          29  version.o(.bss)
    string_auth_descriptor                   0x200011d9   Data          52  version.o(.bss)
    USBD_EP0Buf                              0x20001210   Data          64  usb_config.o(.bss)
    USBD_HID_InReport                        0x20001250   Data          65  usb_config.o(.bss)
    USBD_HID_OutReport                       0x20001291   Data          65  usb_config.o(.bss)
    stk_usb_msc_task                         0x200012d8   Data         600  usb_config.o(.bss)
    __initial_sp                             0x20002530   Data           0  startup_stm32f40_41xxx.o(STACK)



==============================================================================

Memory Map of the image

  Image Entry point : 0x08000189

  Load Region LR_IROM1 (Base: 0x08000000, Size: 0x0000dd74, Max: 0x00100000, ABSOLUTE, COMPRESSED[0x0000dabc])

    Execution Region ER_IROM1 (Exec base: 0x08000000, Load base: 0x08000000, Size: 0x0000d9e8, Max: 0x00100000, ABSOLUTE)

    Exec Addr    Load Addr    Size         Type   Attr      Idx    E Section Name        Object

    0x08000000   0x08000000   0x00000188   Data   RO          265    RESET               startup_stm32f40_41xxx.o
    0x08000188   0x08000188   0x00000000   Code   RO         2452  * .ARM.Collect$$$$00000000  mc_w.l(entry.o)
    0x08000188   0x08000188   0x00000004   Code   RO         2534    .ARM.Collect$$$$00000001  mc_w.l(entry2.o)
    0x0800018c   0x0800018c   0x00000004   Code   RO         2537    .ARM.Collect$$$$00000004  mc_w.l(entry5.o)
    0x08000190   0x08000190   0x00000000   Code   RO         2539    .ARM.Collect$$$$00000008  mc_w.l(entry7b.o)
    0x08000190   0x08000190   0x00000000   Code   RO         2541    .ARM.Collect$$$$0000000A  mc_w.l(entry8b.o)
    0x08000190   0x08000190   0x00000008   Code   RO         2542    .ARM.Collect$$$$0000000B  mc_w.l(entry9a.o)
    0x08000198   0x08000198   0x00000000   Code   RO         2544    .ARM.Collect$$$$0000000D  mc_w.l(entry10a.o)
    0x08000198   0x08000198   0x00000000   Code   RO         2546    .ARM.Collect$$$$0000000F  mc_w.l(entry11a.o)
    0x08000198   0x08000198   0x00000004   Code   RO         2535    .ARM.Collect$$$$00002712  mc_w.l(entry2.o)
    0x0800019c   0x0800019c   0x00000070   Code   RO            3    .text               main.o
    0x0800020c   0x0800020c   0x00000018   Code   RO          216    .text               stm32f4xx_it.o
    0x08000224   0x08000224   0x00000210   Code   RO          239    .text               system_stm32f4xx.o
    0x08000434   0x08000434   0x00000024   Code   RO          266    .text               startup_stm32f40_41xxx.o
    0x08000458   0x08000458   0x000000e0   Code   RO          272    .text               misc.o
    0x08000538   0x08000538   0x000003a8   Code   RO          541    .text               stm32f4xx_dma.o
    0x080008e0   0x080008e0   0x00000294   Code   RO          647    .text               stm32f4xx_gpio.o
    0x08000b74   0x08000b74   0x00000456   Code   RO          727    .text               stm32f4xx_i2c.o
    0x08000fca   0x08000fca   0x00000002   PAD
    0x08000fcc   0x08000fcc   0x0000065c   Code   RO          810    .text               stm32f4xx_rcc.o
    0x08001628   0x08001628   0x00000ca2   Code   RO          955    .text               stm32f4xx_tim.o
    0x080022ca   0x080022ca   0x00000002   PAD
    0x080022cc   0x080022cc   0x00000454   Code   RO          975    .text               stm32f4xx_usart.o
    0x08002720   0x08002720   0x000000e0   Code   RO         1015    .text               delay.o
    0x08002800   0x08002800   0x0000004c   Code   RO         1043    .text               sys.o
    0x0800284c   0x0800284c   0x000000cc   Code   RO         1063    .text               init.o
    0x08002918   0x08002918   0x000000e0   Code   RO         1146    .text               scheduler.o
    0x080029f8   0x080029f8   0x0000006a   Code   RO         1288    .text               tim.o
    0x08002a62   0x08002a62   0x00000002   PAD
    0x08002a64   0x08002a64   0x0000076c   Code   RO         1308    .text               tim_in.o
    0x080031d0   0x080031d0   0x00000310   Code   RO         1333    .text               tim_out.o
    0x080034e0   0x080034e0   0x000000f0   Code   RO         1356    .text               usart1.o
    0x080035d0   0x080035d0   0x000001c4   Code   RO         1387    .text               usart2.o
    0x08003794   0x08003794   0x00000184   Code   RO         1447    .text               usart5.o
    0x08003918   0x08003918   0x0000046c   Code   RO         1495    .text               i2c_hardware.o
    0x08003d84   0x08003d84   0x00000294   Code   RO         1521    .text               usbd_user_hid.o
    0x08004018   0x08004018   0x000012b8   Code   RO         1607    .text               usbd_stm32f4xx_fs.o
    0x080052d0   0x080052d0   0x000002a0   Code   RO         1635    .text               led.o
    0x08005570   0x08005570   0x00000224   Code   RO         1661    .text               mpu6050.o
    0x08005794   0x08005794   0x000000b0   Code   RO         1775    .text               us100.o
    0x08005844   0x08005844   0x000000d8   Code   RO         1828    .text               ak8975.o
    0x0800591c   0x0800591c   0x0000065c   Code   RO         1855    .text               spl06.o
    0x08005f78   0x08005f78   0x000003dc   Code   RO         1943    .text               nrf24l01.o
    0x08006354   0x08006354   0x00000090   Code   RO         1966    .text               osc.o
    0x080063e4   0x080063e4   0x00000670   Code   RO         1994    .text               senror.o
    0x08006a54   0x08006a54   0x000009d0   Code   RO         2030    .text               ano_dt.o
    0x08007424   0x08007424   0x00000234   Code   RO         2081    .text               remote.o
    0x08007658   0x08007658   0x000007fc   Code   RO         2107    .text               control.o
    0x08007e54   0x08007e54   0x000004e0   Code   RO         2139    .text               high_process.o
    0x08008334   0x08008334   0x000008c4   Code   RO         2167    .text               attitude_process.o
    0x08008bf8   0x08008bf8   0x0000039c   Code   RO         2207    .text               filter.o
    0x08008f94   0x08008f94   0x00000044   Code   RO         2224    .text               mymath.o
    0x08008fd8   0x08008fd8   0x00000b4c   Code   RO         2236    .text               pid.o
    0x08009b24   0x08009b24   0x00000a4c   Code   RO         2256    .text               imu.o
    0x0800a570   0x0800a570   0x00000a48   Code   RO         2277    .text               usbd_core.o
    0x0800afb8   0x0800afb8   0x000001b0   Code   RO         2321    .text               usbd_core_hid.o
    0x0800b168   0x0800b168   0x00000604   Code   RO         2333    .text               usbd_hid.o
    0x0800b76c   0x0800b76c   0x00000020   Code   RO         2348    .text               version.o
    0x0800b78c   0x0800b78c   0x00000052   Code   RO         2367    .text               usb_config.o
    0x0800b7de   0x0800b7de   0x00000024   Code   RO         2455    .text               mc_w.l(memcpya.o)
    0x0800b802   0x0800b802   0x0000000e   Code   RO         2461    .text               mc_w.l(strlen.o)
    0x0800b810   0x0800b810   0x0000014e   Code   RO         2465    .text               mf_w.l(dadd.o)
    0x0800b95e   0x0800b95e   0x000000e4   Code   RO         2467    .text               mf_w.l(dmul.o)
    0x0800ba42   0x0800ba42   0x000000de   Code   RO         2469    .text               mf_w.l(ddiv.o)
    0x0800bb20   0x0800bb20   0x00000022   Code   RO         2473    .text               mf_w.l(dflti.o)
    0x0800bb42   0x0800bb42   0x0000003e   Code   RO         2475    .text               mf_w.l(dfixi.o)
    0x0800bb80   0x0800bb80   0x00000026   Code   RO         2477    .text               mf_w.l(f2d.o)
    0x0800bba6   0x0800bba6   0x00000038   Code   RO         2479    .text               mf_w.l(d2f.o)
    0x0800bbde   0x0800bbde   0x0000001e   Code   RO         2548    .text               mc_w.l(llshl.o)
    0x0800bbfc   0x0800bbfc   0x00000020   Code   RO         2550    .text               mc_w.l(llushr.o)
    0x0800bc1c   0x0800bc1c   0x00000024   Code   RO         2552    .text               mc_w.l(llsshr.o)
    0x0800bc40   0x0800bc40   0x00000000   Code   RO         2561    .text               mc_w.l(iusefp.o)
    0x0800bc40   0x0800bc40   0x0000006e   Code   RO         2562    .text               mf_w.l(fepilogue.o)
    0x0800bcae   0x0800bcae   0x000000ba   Code   RO         2564    .text               mf_w.l(depilogue.o)
    0x0800bd68   0x0800bd68   0x000000a2   Code   RO         2566    .text               mf_w.l(dsqrt.o)
    0x0800be0a   0x0800be0a   0x00000002   PAD
    0x0800be0c   0x0800be0c   0x00000024   Code   RO         2570    .text               mc_w.l(init.o)
    0x0800be30   0x0800be30   0x0000001a   Code   RO         2572    .text               mf_w.l(dfltui.o)
    0x0800be4a   0x0800be4a   0x00000056   Code   RO         2582    .text               mc_w.l(__dczerorl2.o)
    0x0800bea0   0x0800bea0   0x00000030   Code   RO         2518    i.__ARM_fpclassify  m_wm.l(fpclassify.o)
    0x0800bed0   0x0800bed0   0x00000360   Code   RO         2390    i.__hardfp_asin     m_wm.l(asin.o)
    0x0800c230   0x0800c230   0x000002d8   Code   RO         2481    i.__hardfp_atan     m_wm.l(atan.o)
    0x0800c508   0x0800c508   0x000001f0   Code   RO         2404    i.__hardfp_atan2    m_wm.l(atan2.o)
    0x0800c6f8   0x0800c6f8   0x000000c8   Code   RO         2416    i.__hardfp_cos      m_wm.l(cos.o)
    0x0800c7c0   0x0800c7c0   0x000000c8   Code   RO         2428    i.__hardfp_sin      m_wm.l(sin.o)
    0x0800c888   0x0800c888   0x0000007a   Code   RO         2440    i.__hardfp_sqrt     m_wm.l(sqrt.o)
    0x0800c902   0x0800c902   0x00000006   PAD
    0x0800c908   0x0800c908   0x00000438   Code   RO         2523    i.__ieee754_rem_pio2  m_wm.l(rred.o)
    0x0800cd40   0x0800cd40   0x00000170   Code   RO         2495    i.__kernel_cos      m_wm.l(cos_i.o)
    0x0800ceb0   0x0800ceb0   0x000000f8   Code   RO         2520    i.__kernel_poly     m_wm.l(poly.o)
    0x0800cfa8   0x0800cfa8   0x00000130   Code   RO         2528    i.__kernel_sin      m_wm.l(sin_i.o)
    0x0800d0d8   0x0800d0d8   0x00000014   Code   RO         2499    i.__mathlib_dbl_infnan  m_wm.l(dunder.o)
    0x0800d0ec   0x0800d0ec   0x00000014   Code   RO         2500    i.__mathlib_dbl_infnan2  m_wm.l(dunder.o)
    0x0800d100   0x0800d100   0x00000020   Code   RO         2501    i.__mathlib_dbl_invalid  m_wm.l(dunder.o)
    0x0800d120   0x0800d120   0x00000020   Code   RO         2504    i.__mathlib_dbl_underflow  m_wm.l(dunder.o)
    0x0800d140   0x0800d140   0x0000000e   Code   RO         2576    i.__scatterload_copy  mc_w.l(handlers.o)
    0x0800d14e   0x0800d14e   0x00000002   Code   RO         2577    i.__scatterload_null  mc_w.l(handlers.o)
    0x0800d150   0x0800d150   0x0000000e   Code   RO         2578    i.__scatterload_zeroinit  mc_w.l(handlers.o)
    0x0800d15e   0x0800d15e   0x00000002   PAD
    0x0800d160   0x0800d160   0x0000000c   Code   RO         2556    i.__set_errno       mc_w.l(errno.o)
    0x0800d16c   0x0800d16c   0x00000010   Code   RO         2483    i.atan              m_wm.l(atan.o)
    0x0800d17c   0x0800d17c   0x00000018   Code   RO         2514    i.fabs              m_wm.l(fabs.o)
    0x0800d194   0x0800d194   0x0000006e   Code   RO         2442    i.sqrt              m_wm.l(sqrt.o)
    0x0800d202   0x0800d202   0x0000000a   Data   RO         1944    .constdata          nrf24l01.o
    0x0800d20c   0x0800d20c   0x00000024   Data   RO         2169    .constdata          attitude_process.o
    0x0800d230   0x0800d230   0x000003fc   Data   RO         2238    .constdata          pid.o
    0x0800d62c   0x0800d62c   0x00000018   Data   RO         2258    .constdata          imu.o
    0x0800d644   0x0800d644   0x00000170   Data   RO         2369    .constdata          usb_config.o
    0x0800d7b4   0x0800d7b4   0x00000004   PAD
    0x0800d7b8   0x0800d7b8   0x00000050   Data   RO         2393    .constdata          m_wm.l(asin.o)
    0x0800d808   0x0800d808   0x00000098   Data   RO         2484    .constdata          m_wm.l(atan.o)
    0x0800d8a0   0x0800d8a0   0x00000030   Data   RO         2496    .constdata          m_wm.l(cos_i.o)
    0x0800d8d0   0x0800d8d0   0x00000008   Data   RO         2522    .constdata          m_wm.l(qnan.o)
    0x0800d8d8   0x0800d8d8   0x000000c8   Data   RO         2525    .constdata          m_wm.l(rred.o)
    0x0800d9a0   0x0800d9a0   0x00000028   Data   RO         2529    .constdata          m_wm.l(sin_i.o)
    0x0800d9c8   0x0800d9c8   0x00000020   Data   RO         2574    Region$$Table       anon$$obj.o


    Execution Region RW_IRAM1 (Exec base: 0x20000000, Load base: 0x0800d9e8, Size: 0x00002530, Max: 0x00020000, ABSOLUTE, COMPRESSED[0x000000d4])

    Exec Addr    Load Addr    Size         Type   Attr      Idx    E Section Name        Object

    0x20000000   COMPRESSED   0x00000014   Data   RW          240    .data               system_stm32f4xx.o
    0x20000014   COMPRESSED   0x00000010   Data   RW          811    .data               stm32f4xx_rcc.o
    0x20000024   COMPRESSED   0x0000000c   Data   RW         1065    .data               init.o
    0x20000030   COMPRESSED   0x00000003   Data   RW         1147    .data               scheduler.o
    0x20000033   COMPRESSED   0x00000001   PAD
    0x20000034   COMPRESSED   0x00000020   Data   RW         1309    .data               tim_in.o
    0x20000054   COMPRESSED   0x00000002   Data   RW         1449    .data               usart5.o
    0x20000056   COMPRESSED   0x00000002   PAD
    0x20000058   COMPRESSED   0x00000005   Data   RW         1496    .data               i2c_hardware.o
    0x2000005d   COMPRESSED   0x00000004   Data   RW         1523    .data               usbd_user_hid.o
    0x20000061   COMPRESSED   0x00000003   PAD
    0x20000064   COMPRESSED   0x00000030   Data   RW         1609    .data               usbd_stm32f4xx_fs.o
    0x20000094   COMPRESSED   0x0000000d   Data   RW         1636    .data               led.o
    0x200000a1   COMPRESSED   0x00000001   PAD
    0x200000a2   COMPRESSED   0x00000009   Data   RW         1776    .data               us100.o
    0x200000ab   COMPRESSED   0x00000001   PAD
    0x200000ac   COMPRESSED   0x00000050   Data   RW         1857    .data               spl06.o
    0x200000fc   COMPRESSED   0x00000008   Data   RW         1968    .data               osc.o
    0x20000104   COMPRESSED   0x00000069   Data   RW         1996    .data               senror.o
    0x2000016d   COMPRESSED   0x00000001   PAD
    0x2000016e   COMPRESSED   0x00000007   Data   RW         2032    .data               ano_dt.o
    0x20000175   COMPRESSED   0x00000001   PAD
    0x20000176   COMPRESSED   0x00000006   Data   RW         2082    .data               remote.o
    0x2000017c   COMPRESSED   0x00000019   Data   RW         2110    .data               control.o
    0x20000195   COMPRESSED   0x00000003   PAD
    0x20000198   COMPRESSED   0x000000c0   Data   RW         2142    .data               high_process.o
    0x20000258   COMPRESSED   0x00000064   Data   RW         2170    .data               attitude_process.o
    0x200002bc   COMPRESSED   0x00000004   PAD
    0x200002c0   COMPRESSED   0x00000030   Data   RW         2208    .data               filter.o
    0x200002f0   COMPRESSED   0x00000030   Data   RW         2239    .data               pid.o
    0x20000320   COMPRESSED   0x00000010   Data   RW         2259    .data               imu.o
    0x20000330   COMPRESSED   0x00000024   Data   RW         2278    .data               usbd_core.o
    0x20000354   COMPRESSED   0x00000027   Data   RW         2334    .data               usbd_hid.o
    0x2000037b   COMPRESSED   0x00000001   PAD
    0x2000037c   COMPRESSED   0x00000009   Data   RW         2370    .data               usb_config.o
    0x20000385   COMPRESSED   0x00000003   PAD
    0x20000388   COMPRESSED   0x00000004   Data   RW         2557    .data               mc_w.l(errno.o)
    0x2000038c        -       0x00000021   Zero   RW            4    .bss                main.o
    0x200003ad   COMPRESSED   0x00000003   PAD
    0x200003b0        -       0x00000034   Zero   RW         1064    .bss                init.o
    0x200003e4        -       0x00000100   Zero   RW         1448    .bss                usart5.o
    0x200004e4        -       0x00000140   Zero   RW         1522    .bss                usbd_user_hid.o
    0x20000624        -       0x00000070   Zero   RW         1608    .bss                usbd_stm32f4xx_fs.o
    0x20000694        -       0x00000040   Zero   RW         1856    .bss                spl06.o
    0x200006d4        -       0x0000000a   Zero   RW         1967    .bss                osc.o
    0x200006de        -       0x00000030   Zero   RW         1995    .bss                senror.o
    0x2000070e        -       0x0000004f   Zero   RW         2031    .bss                ano_dt.o
    0x2000075d   COMPRESSED   0x00000001   PAD
    0x2000075e        -       0x00000010   Zero   RW         2108    .bss                control.o
    0x2000076e   COMPRESSED   0x00000002   PAD
    0x20000770        -       0x00000024   Zero   RW         2140    .bss                high_process.o
    0x20000794        -       0x000001d0   Zero   RW         2168    .bss                attitude_process.o
    0x20000964        -       0x00000780   Zero   RW         2237    .bss                pid.o
    0x200010e4        -       0x000000d8   Zero   RW         2257    .bss                imu.o
    0x200011bc        -       0x00000051   Zero   RW         2349    .bss                version.o
    0x2000120d   COMPRESSED   0x00000003   PAD
    0x20001210        -       0x00000320   Zero   RW         2368    .bss                usb_config.o
    0x20001530        -       0x00001000   Zero   RW          263    STACK               startup_stm32f40_41xxx.o


==============================================================================

Image component sizes


      Code (inc. data)   RO Data    RW Data    ZI Data      Debug   Object Name

       216          6          0          0          0       1892   ak8975.o
      2512        136          0          7         79       5831   ano_dt.o
      2244         94         36        100        464       5047   attitude_process.o
      2044        150          0         25         16       3358   control.o
       224         12          0          0          0      27823   delay.o
       924         32          0         48          0       6086   filter.o
      1248        174          0        192         36       4131   high_process.o
      1132         28          0          5          0       3013   i2c_hardware.o
      2636         94         24         16        216       4577   imu.o
       204          8          0         12         52       3129   init.o
       672         56          0         13          0       2052   led.o
       112         22          0          0         33      75721   main.o
       224         20          0          0          0     239133   misc.o
       548          6          0          0          0       5305   mpu6050.o
        68          4          0          0          0        646   mymath.o
       988         26         10          0          0       4708   nrf24l01.o
       144         10          0          8         10       1538   osc.o
      2892         62       1020         48       1920       5707   pid.o
       564         26          0          6          0       2097   remote.o
       224         20          0          3          0        686   scheduler.o
      1648        162          0        105         48       4717   senror.o
      1628         42          0         80         64       8025   spl06.o
        36          8        392          0       4096        832   startup_stm32f40_41xxx.o
       936         32          0          0          0       6429   stm32f4xx_dma.o
       660         44          0          0          0       4193   stm32f4xx_gpio.o
      1110         26          0          0          0       8711   stm32f4xx_i2c.o
        24          0          0          0          0       1142   stm32f4xx_it.o
      1628         52          0         16          0      13088   stm32f4xx_rcc.o
      3234         60          0          0          0      23048   stm32f4xx_tim.o
      1108         34          0          0          0       7916   stm32f4xx_usart.o
        76         10          0          0          0        717   sys.o
       528         46          0         20          0       1831   system_stm32f4xx.o
       106          0          0          0          0        602   tim.o
      1900        104          0         32          0       2167   tim_in.o
       784         32          0          0          0       1386   tim_out.o
       176         30          0          9          0       1243   us100.o
       240         10          0          0          0       3371   usart1.o
       452         16          0          0          0       1782   usart2.o
       388         26          0          2        256       1903   usart5.o
        82          0        368          9        800      15698   usb_config.o
      2632        202          0         36          0       8000   usbd_core.o
       432         68          0          0          0       1744   usbd_core_hid.o
      1540        184          0         39          0       6031   usbd_hid.o
      4792        220          0         48        112      35573   usbd_stm32f4xx_fs.o
       660         28          0          4        320      15410   usbd_user_hid.o
        32         10          0          0         81       1644   version.o

    ----------------------------------------------------------------------
     46658       2432       1886        904       8612     579683   Object Totals
         0          0         32          0          0          0   (incl. Generated)
         6          0          4         21          9          0   (incl. Padding)

    ----------------------------------------------------------------------

      Code (inc. data)   RO Data    RW Data    ZI Data      Debug   Library Member Name

       864         94         80          0          0        280   asin.o
       744        106        152          0          0        352   atan.o
       496         64          0          0          0        192   atan2.o
       200         20          0          0          0        164   cos.o
       368         46         48          0          0        200   cos_i.o
       104         16          0          0          0        496   dunder.o
        24          0          0          0          0        124   fabs.o
        48          0          0          0          0        124   fpclassify.o
       248          0          0          0          0        152   poly.o
         0          0          8          0          0          0   qnan.o
      1080        142        200          0          0        188   rred.o
       200         20          0          0          0        164   sin.o
       304         24         40          0          0        208   sin_i.o
       232          0          0          0          0        296   sqrt.o
        86          0          0          0          0          0   __dczerorl2.o
         0          0          0          0          0          0   entry.o
         0          0          0          0          0          0   entry10a.o
         0          0          0          0          0          0   entry11a.o
         8          4          0          0          0          0   entry2.o
         4          0          0          0          0          0   entry5.o
         0          0          0          0          0          0   entry7b.o
         0          0          0          0          0          0   entry8b.o
         8          4          0          0          0          0   entry9a.o
        12          6          0          4          0         68   errno.o
        30          0          0          0          0          0   handlers.o
        36          8          0          0          0         68   init.o
         0          0          0          0          0          0   iusefp.o
        30          0          0          0          0         68   llshl.o
        36          0          0          0          0         68   llsshr.o
        32          0          0          0          0         68   llushr.o
        36          0          0          0          0         68   memcpya.o
        14          0          0          0          0         68   strlen.o
        56          0          0          0          0         88   d2f.o
       334          0          0          0          0        148   dadd.o
       222          0          0          0          0        100   ddiv.o
       186          0          0          0          0        176   depilogue.o
        62          0          0          0          0         80   dfixi.o
        34          0          0          0          0         76   dflti.o
        26          0          0          0          0         76   dfltui.o
       228          0          0          0          0         96   dmul.o
       162          0          0          0          0        100   dsqrt.o
        38          0          0          0          0         68   f2d.o
       110          0          0          0          0        168   fepilogue.o

    ----------------------------------------------------------------------
      6712        554        528          4          0       4592   Library Totals
        10          0          0          0          0          0   (incl. Padding)

    ----------------------------------------------------------------------

      Code (inc. data)   RO Data    RW Data    ZI Data      Debug   Library Name

      4912        532        528          0          0       2940   m_wm.l
       332         22          0          4          0        476   mc_w.l
      1458          0          0          0          0       1176   mf_w.l

    ----------------------------------------------------------------------
      6712        554        528          4          0       4592   Library Totals

    ----------------------------------------------------------------------

==============================================================================


      Code (inc. data)   RO Data    RW Data    ZI Data      Debug   

     53370       2986       2414        908       8612     573579   Grand Totals
     53370       2986       2414        212       8612     573579   ELF Image Totals (compressed)
     53370       2986       2414        212          0          0   ROM Totals

==============================================================================

    Total RO  Size (Code + RO Data)                55784 (  54.48kB)
    Total RW  Size (RW Data + ZI Data)              9520 (   9.30kB)
    Total ROM Size (Code + RO Data + RW Data)      55996 (  54.68kB)

==============================================================================

